Component: ARM Compiler 5.06 update 7 (build 960) Tool: armlink [4d3601]

==============================================================================

Section Cross References

    startup_stm32f103xb.o(STACK) refers (Special) to heapauxi.o(.text) for __use_two_region_memory
    startup_stm32f103xb.o(HEAP) refers (Special) to heapauxi.o(.text) for __use_two_region_memory
    startup_stm32f103xb.o(RESET) refers (Special) to heapauxi.o(.text) for __use_two_region_memory
    startup_stm32f103xb.o(RESET) refers to startup_stm32f103xb.o(STACK) for __initial_sp
    startup_stm32f103xb.o(RESET) refers to startup_stm32f103xb.o(.text) for Reset_Handler
    startup_stm32f103xb.o(RESET) refers to stm32f1xx_it.o(i.NMI_Handler) for NMI_Handler
    startup_stm32f103xb.o(RESET) refers to stm32f1xx_it.o(i.HardFault_Handler) for HardFault_Handler
    startup_stm32f103xb.o(RESET) refers to stm32f1xx_it.o(i.MemManage_Handler) for MemManage_Handler
    startup_stm32f103xb.o(RESET) refers to stm32f1xx_it.o(i.BusFault_Handler) for BusFault_Handler
    startup_stm32f103xb.o(RESET) refers to stm32f1xx_it.o(i.UsageFault_Handler) for UsageFault_Handler
    startup_stm32f103xb.o(RESET) refers to stm32f1xx_it.o(i.SVC_Handler) for SVC_Handler
    startup_stm32f103xb.o(RESET) refers to stm32f1xx_it.o(i.DebugMon_Handler) for DebugMon_Handler
    startup_stm32f103xb.o(RESET) refers to stm32f1xx_it.o(i.PendSV_Handler) for PendSV_Handler
    startup_stm32f103xb.o(RESET) refers to stm32f1xx_it.o(i.SysTick_Handler) for SysTick_Handler
    startup_stm32f103xb.o(.text) refers (Special) to heapauxi.o(.text) for __use_two_region_memory
    startup_stm32f103xb.o(.text) refers to system_stm32f1xx.o(i.SystemInit) for SystemInit
    startup_stm32f103xb.o(.text) refers to __main.o(!!!main) for __main
    startup_stm32f103xb.o(.text) refers to startup_stm32f103xb.o(HEAP) for Heap_Mem
    startup_stm32f103xb.o(.text) refers to startup_stm32f103xb.o(STACK) for Stack_Mem
    main.o(i.CHANGE_GRID_STAT_TTRIS) refers to main.o(.bss) for .bss
    main.o(i.CHECK_if_Rot_Ok_TTRIS) refers to main.o(i.Ou_suis_Je_TTRIS) for Ou_suis_Je_TTRIS
    main.o(i.CHECK_if_Rot_Ok_TTRIS) refers to main.o(i.rotate_Matrix_TTRIS) for rotate_Matrix_TTRIS
    main.o(i.CHECK_if_Rot_Ok_TTRIS) refers to main.o(i.Check_collision_x_TTRIS) for Check_collision_x_TTRIS
    main.o(i.CHECK_if_Rot_Ok_TTRIS) refers to main.o(i.Check_collision_y_TTRIS) for Check_collision_y_TTRIS
    main.o(i.CHECK_if_Rot_Ok_TTRIS) refers to main.o(.data) for .data
    main.o(i.CONTROLE_TTRIS) refers to main.o(i.JOY_right_pressed) for JOY_right_pressed
    main.o(i.CONTROLE_TTRIS) refers to main.o(i.JOY_left_pressed) for JOY_left_pressed
    main.o(i.CONTROLE_TTRIS) refers to main.o(i.PSEUDO_RND_TTRIS) for PSEUDO_RND_TTRIS
    main.o(i.CONTROLE_TTRIS) refers to main.o(i.JOY_act_released) for JOY_act_released
    main.o(i.CONTROLE_TTRIS) refers to main.o(i.CHECK_if_Rot_Ok_TTRIS) for CHECK_if_Rot_Ok_TTRIS
    main.o(i.CONTROLE_TTRIS) refers to main.o(i.JOY_down_pressed) for JOY_down_pressed
    main.o(i.CONTROLE_TTRIS) refers to main.o(.data) for .data
    main.o(i.Check_collision_x_TTRIS) refers to main.o(i.GRID_STAT_TTRIS) for GRID_STAT_TTRIS
    main.o(i.Check_collision_x_TTRIS) refers to main.o(.bss) for .bss
    main.o(i.Check_collision_x_TTRIS) refers to main.o(.data) for .data
    main.o(i.Check_collision_y_TTRIS) refers to main.o(i.GRID_STAT_TTRIS) for GRID_STAT_TTRIS
    main.o(i.Check_collision_y_TTRIS) refers to main.o(.bss) for .bss
    main.o(i.Check_collision_y_TTRIS) refers to main.o(.data) for .data
    main.o(i.Clean_Grid_TTRIS) refers to main.o(i.GRID_STAT_TTRIS) for GRID_STAT_TTRIS
    main.o(i.Clean_Grid_TTRIS) refers to main.o(i.CHANGE_GRID_STAT_TTRIS) for CHANGE_GRID_STAT_TTRIS
    main.o(i.Convert_Nb_of_line_TTRIS) refers to main.o(.data) for .data
    main.o(i.DELETE_LINE_TTRIS) refers to rt_memclr_w.o(.text) for __aeabi_memclr4
    main.o(i.DELETE_LINE_TTRIS) refers to main.o(i.GRID_STAT_TTRIS) for GRID_STAT_TTRIS
    main.o(i.DELETE_LINE_TTRIS) refers to main.o(i.FLASH_LINE_TTRIS) for FLASH_LINE_TTRIS
    main.o(i.DELETE_LINE_TTRIS) refers to main.o(i.Clean_Grid_TTRIS) for Clean_Grid_TTRIS
    main.o(i.DELETE_LINE_TTRIS) refers to main.o(i.Calcul_of_Score_TTRIS) for Calcul_of_Score_TTRIS
    main.o(i.DELETE_LINE_TTRIS) refers to main.o(.data) for .data
    main.o(i.DropPiece_TTRIS) refers to main.o(i.blitzSprite_TTRIS) for blitzSprite_TTRIS
    main.o(i.DropPiece_TTRIS) refers to main.o(.bss) for .bss
    main.o(i.DropPiece_TTRIS) refers to main.o(.constdata) for .constdata
    main.o(i.DropPiece_TTRIS) refers to main.o(.data) for .data
    main.o(i.END_DROP_TTRIS) refers to main.o(i.CHANGE_GRID_STAT_TTRIS) for CHANGE_GRID_STAT_TTRIS
    main.o(i.END_DROP_TTRIS) refers to main.o(i.DELETE_LINE_TTRIS) for DELETE_LINE_TTRIS
    main.o(i.END_DROP_TTRIS) refers to main.o(i.Convert_Nb_of_line_TTRIS) for Convert_Nb_of_line_TTRIS
    main.o(i.END_DROP_TTRIS) refers to main.o(.data) for .data
[...]
    _get_argv_nomalloc.o(.text) refers to sys_command.o(.text) for _sys_command_string
    libshutdown.o(.ARM.Collect$$libshutdown$$00000000) refers (Special) to libshutdown2.o(.ARM.Collect$$libshutdown$$00000004) for __rt_lib_shutdown_cpp_1
    libshutdown.o(.ARM.Collect$$libshutdown$$00000000) refers (Special) to libshutdown2.o(.ARM.Collect$$libshutdown$$00000002) for __rt_lib_shutdown_fini_1
    libshutdown.o(.ARM.Collect$$libshutdown$$00000000) refers (Special) to libshutdown2.o(.ARM.Collect$$libshutdown$$00000009) for __rt_lib_shutdown_fp_trap_1
    libshutdown.o(.ARM.Collect$$libshutdown$$00000000) refers (Special) to libshutdown2.o(.ARM.Collect$$libshutdown$$00000011) for __rt_lib_shutdown_heap_1
    libshutdown.o(.ARM.Collect$$libshutdown$$00000000) refers (Special) to libshutdown2.o(.ARM.Collect$$libshutdown$$00000012) for __rt_lib_shutdown_return
    libshutdown.o(.ARM.Collect$$libshutdown$$00000000) refers (Special) to libshutdown2.o(.ARM.Collect$$libshutdown$$0000000C) for __rt_lib_shutdown_signal_1
    libshutdown.o(.ARM.Collect$$libshutdown$$00000000) refers (Special) to libshutdown2.o(.ARM.Collect$$libshutdown$$00000006) for __rt_lib_shutdown_stdio_1
    libshutdown.o(.ARM.Collect$$libshutdown$$00000000) refers (Special) to libshutdown2.o(.ARM.Collect$$libshutdown$$0000000E) for __rt_lib_shutdown_user_alloc_1
    sys_command.o(.text) refers (Special) to use_no_semi.o(.text) for __I$use$semihosting
    sys_command.o(.text) refers (Special) to indicate_semi.o(.text) for __semihosting_library_function
    defsig_rtmem_outer.o(.text) refers to defsig_rtmem_inner.o(.text) for __rt_SIGRTMEM_inner
    defsig_rtmem_outer.o(.text) refers to defsig_exit.o(.text) for __sig_exit
    defsig_rtmem_formal.o(.text) refers to rt_raise.o(.text) for __rt_raise
    rt_raise.o(.text) refers to __raise.o(.text) for __raise
    rt_raise.o(.text) refers to sys_exit.o(.text) for _sys_exit
    defsig_exit.o(.text) refers to sys_exit.o(.text) for _sys_exit
    defsig_rtmem_inner.o(.text) refers to defsig_general.o(.text) for __default_signal_display
    __raise.o(.text) refers to defsig.o(CL$$defsig) for __default_signal_handler
    defsig_general.o(.text) refers to sys_wrch.o(.text) for _ttywrch
    sys_wrch.o(.text) refers (Special) to use_no_semi.o(.text) for __I$use$semihosting
    sys_wrch.o(.text) refers (Special) to indicate_semi.o(.text) for __semihosting_library_function
    defsig.o(CL$$defsig) refers to defsig_rtmem_inner.o(.text) for __rt_SIGRTMEM_inner
    defsig_abrt_inner.o(.text) refers to defsig_general.o(.text) for __default_signal_display
    defsig_fpe_inner.o(.text) refers to defsig_general.o(.text) for __default_signal_display
    defsig_rtred_inner.o(.text) refers to defsig_general.o(.text) for __default_signal_display
    defsig_stak_inner.o(.text) refers to defsig_general.o(.text) for __default_signal_display
    defsig_pvfn_inner.o(.text) refers to defsig_general.o(.text) for __default_signal_display
    defsig_cppl_inner.o(.text) refers to defsig_general.o(.text) for __default_signal_display
    defsig_segv_inner.o(.text) refers to defsig_general.o(.text) for __default_signal_display
    defsig_other.o(.text) refers to defsig_general.o(.text) for __default_signal_display


==============================================================================

Removing Unused input sections from the image.

    Removing main.o(.rev16_text), (4 bytes).
    Removing main.o(.revsh_text), (4 bytes).
    Removing main.o(.rrx_text), (6 bytes).
    Removing main.o(i.Check_NEW_RECORD), (2 bytes).
    Removing main.o(i.Error_Handler), (4 bytes).
    Removing main.o(i.JOY_DLY_ms), (4 bytes).
    Removing main.o(i.RecupeDecalageY_TTRIS), (10 bytes).
    Removing main.o(i.RecupeLineY_TTRIS), (4 bytes).
    Removing main.o(i.SND_TTRIS), (2 bytes).
    Removing main.o(i.checksum), (34 bytes).
    Removing main.o(i.recupe_HIGHSCORE_TTRIS), (4 bytes).
    Removing main.o(i.save_HIGHSCORE_TTRIS), (2 bytes).
    Removing gpio.o(.rev16_text), (4 bytes).
    Removing gpio.o(.revsh_text), (4 bytes).
    Removing gpio.o(.rrx_text), (6 bytes).
    Removing stm32f1xx_it.o(.rev16_text), (4 bytes).
    Removing stm32f1xx_it.o(.revsh_text), (4 bytes).
    Removing stm32f1xx_it.o(.rrx_text), (6 bytes).
    Removing stm32f1xx_hal_msp.o(.rev16_text), (4 bytes).
    Removing stm32f1xx_hal_msp.o(.revsh_text), (4 bytes).
    Removing stm32f1xx_hal_msp.o(.rrx_text), (6 bytes).
    Removing oled12864.o(.rev16_text), (4 bytes).
    Removing oled12864.o(.revsh_text), (4 bytes).
    Removing oled12864.o(.rrx_text), (6 bytes).
    Removing oled12864.o(i.Delay_1ms), (18 bytes).
    Removing oled12864.o(i.OLED_Clear), (58 bytes).
    Removing oled12864.o(i.OLED_DisplayOff), (30 bytes).
    Removing oled12864.o(i.OLED_DisplayOn), (30 bytes).
    Removing oled12864.o(i.OLED_DrawBMP), (64 bytes).
    Removing oled12864.o(i.OLED_On), (58 bytes).
    Removing oled12864.o(i.OLED_ShowChar), (136 bytes).
    Removing oled12864.o(i.OLED_ShowNum), (106 bytes).
    Removing oled12864.o(i.OLED_ShowString), (54 bytes).
    Removing oled12864.o(i.oled_pow), (16 bytes).
    Removing oled12864.o(.constdata), (2072 bytes).
    Removing stm32f1xx_hal_gpio_ex.o(.rev16_text), (4 bytes).
    Removing stm32f1xx_hal_gpio_ex.o(.revsh_text), (4 bytes).
    Removing stm32f1xx_hal_gpio_ex.o(.rrx_text), (6 bytes).
    Removing stm32f1xx_hal_gpio_ex.o(i.HAL_GPIOEx_ConfigEventout), (20 bytes).
    Removing stm32f1xx_hal_gpio_ex.o(i.HAL_GPIOEx_DisableEventout), (16 bytes).
    Removing stm32f1xx_hal_gpio_ex.o(i.HAL_GPIOEx_EnableEventout), (16 bytes).
    Removing stm32f1xx_hal_tim.o(.rev16_text), (4 bytes).
    Removing stm32f1xx_hal_tim.o(.revsh_text), (4 bytes).
    Removing stm32f1xx_hal_tim.o(.rrx_text), (6 bytes).
    Removing stm32f1xx_hal_tim_ex.o(.rev16_text), (4 bytes).
    Removing stm32f1xx_hal_tim_ex.o(.revsh_text), (4 bytes).
    Removing stm32f1xx_hal_tim_ex.o(.rrx_text), (6 bytes).
    Removing stm32f1xx_hal.o(.rev16_text), (4 bytes).
    Removing stm32f1xx_hal.o(.revsh_text), (4 bytes).
    Removing stm32f1xx_hal.o(.rrx_text), (6 bytes).
    Removing stm32f1xx_hal.o(i.HAL_DBGMCU_DisableDBGSleepMode), (16 bytes).
    Removing stm32f1xx_hal.o(i.HAL_DBGMCU_DisableDBGStandbyMode), (16 bytes).
    Removing stm32f1xx_hal.o(i.HAL_DBGMCU_DisableDBGStopMode), (16 bytes).
    Removing stm32f1xx_hal.o(i.HAL_DBGMCU_EnableDBGSleepMode), (16 bytes).
    Removing stm32f1xx_hal.o(i.HAL_DBGMCU_EnableDBGStandbyMode), (16 bytes).
    Removing stm32f1xx_hal.o(i.HAL_DBGMCU_EnableDBGStopMode), (16 bytes).
    Removing stm32f1xx_hal.o(i.HAL_DeInit), (32 bytes).
    Removing stm32f1xx_hal.o(i.HAL_GetDEVID), (16 bytes).
    Removing stm32f1xx_hal.o(i.HAL_GetHalVersion), (8 bytes).
    Removing stm32f1xx_hal.o(i.HAL_GetREVID), (12 bytes).
    Removing stm32f1xx_hal.o(i.HAL_GetTickFreq), (12 bytes).
    Removing stm32f1xx_hal.o(i.HAL_GetTickPrio), (12 bytes).
    Removing stm32f1xx_hal.o(i.HAL_GetUIDw0), (12 bytes).
    Removing stm32f1xx_hal.o(i.HAL_GetUIDw1), (12 bytes).
    Removing stm32f1xx_hal.o(i.HAL_GetUIDw2), (12 bytes).
    Removing stm32f1xx_hal.o(i.HAL_MspDeInit), (2 bytes).
    Removing stm32f1xx_hal.o(i.HAL_MspInit), (2 bytes).
    Removing stm32f1xx_hal.o(i.HAL_ResumeTick), (14 bytes).
    Removing stm32f1xx_hal.o(i.HAL_SetTickFreq), (36 bytes).
    Removing stm32f1xx_hal.o(i.HAL_SuspendTick), (14 bytes).
    Removing stm32f1xx_hal_rcc.o(.rev16_text), (4 bytes).
    Removing stm32f1xx_hal_rcc.o(.revsh_text), (4 bytes).
    Removing stm32f1xx_hal_rcc.o(.rrx_text), (6 bytes).
    Removing stm32f1xx_hal_rcc.o(i.HAL_RCC_CSSCallback), (2 bytes).
    Removing stm32f1xx_hal_rcc.o(i.HAL_RCC_DeInit), (220 bytes).
    Removing stm32f1xx_hal_rcc.o(i.HAL_RCC_DisableCSS), (12 bytes).
    Removing stm32f1xx_hal_rcc.o(i.HAL_RCC_EnableCSS), (12 bytes).
    Removing stm32f1xx_hal_rcc.o(i.HAL_RCC_GetClockConfig), (64 bytes).
    Removing stm32f1xx_hal_rcc.o(i.HAL_RCC_GetHCLKFreq), (12 bytes).
    Removing stm32f1xx_hal_rcc.o(i.HAL_RCC_GetOscConfig), (144 bytes).
    Removing stm32f1xx_hal_rcc.o(i.HAL_RCC_GetPCLK1Freq), (32 bytes).
    Removing stm32f1xx_hal_rcc.o(i.HAL_RCC_GetPCLK2Freq), (32 bytes).
    Removing stm32f1xx_hal_rcc.o(i.HAL_RCC_MCOConfig), (72 bytes).
    Removing stm32f1xx_hal_rcc.o(i.HAL_RCC_NMI_IRQHandler), (24 bytes).
    Removing stm32f1xx_hal_rcc_ex.o(.rev16_text), (4 bytes).
    Removing stm32f1xx_hal_rcc_ex.o(.revsh_text), (4 bytes).
    Removing stm32f1xx_hal_rcc_ex.o(.rrx_text), (6 bytes).
    Removing stm32f1xx_hal_rcc_ex.o(i.HAL_RCCEx_GetPeriphCLKConfig), (44 bytes).
    Removing stm32f1xx_hal_rcc_ex.o(i.HAL_RCCEx_GetPeriphCLKFreq), (164 bytes).
    Removing stm32f1xx_hal_rcc_ex.o(i.HAL_RCCEx_PeriphCLKConfig), (236 bytes).
    Removing stm32f1xx_hal_rcc_ex.o(.constdata), (18 bytes).
    Removing stm32f1xx_hal_gpio.o(.rev16_text), (4 bytes).
    Removing stm32f1xx_hal_gpio.o(.revsh_text), (4 bytes).
    Removing stm32f1xx_hal_gpio.o(.rrx_text), (6 bytes).
    Removing stm32f1xx_hal_gpio.o(i.HAL_GPIO_DeInit), (280 bytes).
    Removing stm32f1xx_hal_gpio.o(i.HAL_GPIO_EXTI_Callback), (2 bytes).
    Removing stm32f1xx_hal_gpio.o(i.HAL_GPIO_EXTI_IRQHandler), (24 bytes).
    Removing stm32f1xx_hal_gpio.o(i.HAL_GPIO_LockPin), (34 bytes).
    Removing stm32f1xx_hal_gpio.o(i.HAL_GPIO_TogglePin), (16 bytes).
    Removing stm32f1xx_hal_dma.o(.rev16_text), (4 bytes).
    Removing stm32f1xx_hal_dma.o(.revsh_text), (4 bytes).
    Removing stm32f1xx_hal_dma.o(.rrx_text), (6 bytes).
    Removing stm32f1xx_hal_dma.o(i.DMA_SetConfig), (42 bytes).
    Removing stm32f1xx_hal_dma.o(i.HAL_DMA_Abort), (70 bytes).
    Removing stm32f1xx_hal_dma.o(i.HAL_DMA_Abort_IT), (152 bytes).
    Removing stm32f1xx_hal_dma.o(i.HAL_DMA_DeInit), (92 bytes).
    Removing stm32f1xx_hal_dma.o(i.HAL_DMA_GetError), (4 bytes).
    Removing stm32f1xx_hal_dma.o(i.HAL_DMA_GetState), (6 bytes).
    Removing stm32f1xx_hal_dma.o(i.HAL_DMA_IRQHandler), (340 bytes).
    Removing stm32f1xx_hal_dma.o(i.HAL_DMA_Init), (92 bytes).
    Removing stm32f1xx_hal_dma.o(i.HAL_DMA_PollForTransfer), (532 bytes).
    Removing stm32f1xx_hal_dma.o(i.HAL_DMA_RegisterCallback), (74 bytes).
    Removing stm32f1xx_hal_dma.o(i.HAL_DMA_Start), (80 bytes).
    Removing stm32f1xx_hal_dma.o(i.HAL_DMA_Start_IT), (112 bytes).
    Removing stm32f1xx_hal_dma.o(i.HAL_DMA_UnRegisterCallback), (82 bytes).
    Removing stm32f1xx_hal_cortex.o(.rev16_text), (4 bytes).
    Removing stm32f1xx_hal_cortex.o(.revsh_text), (4 bytes).
    Removing stm32f1xx_hal_cortex.o(.rrx_text), (6 bytes).
    Removing stm32f1xx_hal_cortex.o(i.HAL_NVIC_ClearPendingIRQ), (26 bytes).
    Removing stm32f1xx_hal_cortex.o(i.HAL_NVIC_DisableIRQ), (34 bytes).
    Removing stm32f1xx_hal_cortex.o(i.HAL_NVIC_EnableIRQ), (26 bytes).
    Removing stm32f1xx_hal_cortex.o(i.HAL_NVIC_GetActive), (36 bytes).
    Removing stm32f1xx_hal_cortex.o(i.HAL_NVIC_GetPendingIRQ), (36 bytes).
    Removing stm32f1xx_hal_cortex.o(i.HAL_NVIC_GetPriority), (82 bytes).
    Removing stm32f1xx_hal_cortex.o(i.HAL_NVIC_GetPriorityGrouping), (16 bytes).
    Removing stm32f1xx_hal_cortex.o(i.HAL_NVIC_SetPendingIRQ), (26 bytes).
    Removing stm32f1xx_hal_cortex.o(i.HAL_NVIC_SystemReset), (36 bytes).
    Removing stm32f1xx_hal_cortex.o(i.HAL_SYSTICK_CLKSourceConfig), (24 bytes).
    Removing stm32f1xx_hal_cortex.o(i.HAL_SYSTICK_Callback), (2 bytes).
    Removing stm32f1xx_hal_cortex.o(i.HAL_SYSTICK_IRQHandler), (8 bytes).
    Removing stm32f1xx_hal_pwr.o(.rev16_text), (4 bytes).
    Removing stm32f1xx_hal_pwr.o(.revsh_text), (4 bytes).
    Removing stm32f1xx_hal_pwr.o(.rrx_text), (6 bytes).
    Removing stm32f1xx_hal_pwr.o(i.HAL_PWR_ConfigPVD), (124 bytes).
    Removing stm32f1xx_hal_pwr.o(i.HAL_PWR_DeInit), (24 bytes).
    Removing stm32f1xx_hal_pwr.o(i.HAL_PWR_DisableBkUpAccess), (12 bytes).
    Removing stm32f1xx_hal_pwr.o(i.HAL_PWR_DisablePVD), (12 bytes).
    Removing stm32f1xx_hal_pwr.o(i.HAL_PWR_DisableSEVOnPend), (16 bytes).
    Removing stm32f1xx_hal_pwr.o(i.HAL_PWR_DisableSleepOnExit), (16 bytes).
    Removing stm32f1xx_hal_pwr.o(i.HAL_PWR_DisableWakeUpPin), (28 bytes).
    Removing stm32f1xx_hal_pwr.o(i.HAL_PWR_EnableBkUpAccess), (12 bytes).
    Removing stm32f1xx_hal_pwr.o(i.HAL_PWR_EnablePVD), (12 bytes).
    Removing stm32f1xx_hal_pwr.o(i.HAL_PWR_EnableSEVOnPend), (16 bytes).
    Removing stm32f1xx_hal_pwr.o(i.HAL_PWR_EnableSleepOnExit), (16 bytes).
    Removing stm32f1xx_hal_pwr.o(i.HAL_PWR_EnableWakeUpPin), (28 bytes).
    Removing stm32f1xx_hal_pwr.o(i.HAL_PWR_EnterSLEEPMode), (32 bytes).
    Removing stm32f1xx_hal_pwr.o(i.HAL_PWR_EnterSTANDBYMode), (32 bytes).
    Removing stm32f1xx_hal_pwr.o(i.HAL_PWR_EnterSTOPMode), (68 bytes).
    Removing stm32f1xx_hal_pwr.o(i.HAL_PWR_PVDCallback), (2 bytes).
    Removing stm32f1xx_hal_pwr.o(i.HAL_PWR_PVD_IRQHandler), (28 bytes).
    Removing stm32f1xx_hal_pwr.o(i.PWR_OverloadWfe), (6 bytes).
    Removing stm32f1xx_hal_flash.o(.rev16_text), (4 bytes).
    Removing stm32f1xx_hal_flash.o(.revsh_text), (4 bytes).
    Removing stm32f1xx_hal_flash.o(.rrx_text), (6 bytes).
    Removing stm32f1xx_hal_flash.o(i.FLASH_Program_HalfWord), (28 bytes).
    Removing stm32f1xx_hal_flash.o(i.FLASH_SetErrorCode), (92 bytes).
    Removing stm32f1xx_hal_flash.o(i.FLASH_WaitForLastOperation), (84 bytes).
    Removing stm32f1xx_hal_flash.o(i.HAL_FLASH_EndOfOperationCallback), (2 bytes).
    Removing stm32f1xx_hal_flash.o(i.HAL_FLASH_GetError), (12 bytes).
    Removing stm32f1xx_hal_flash.o(i.HAL_FLASH_IRQHandler), (264 bytes).
    Removing stm32f1xx_hal_flash.o(i.HAL_FLASH_Lock), (20 bytes).
    Removing stm32f1xx_hal_flash.o(i.HAL_FLASH_OB_Launch), (4 bytes).
    Removing stm32f1xx_hal_flash.o(i.HAL_FLASH_OB_Lock), (20 bytes).
    Removing stm32f1xx_hal_flash.o(i.HAL_FLASH_OB_Unlock), (36 bytes).
    Removing stm32f1xx_hal_flash.o(i.HAL_FLASH_OperationErrorCallback), (2 bytes).
    Removing stm32f1xx_hal_flash.o(i.HAL_FLASH_Program), (128 bytes).
    Removing stm32f1xx_hal_flash.o(i.HAL_FLASH_Program_IT), (100 bytes).
    Removing stm32f1xx_hal_flash.o(i.HAL_FLASH_Unlock), (40 bytes).
    Removing stm32f1xx_hal_flash.o(.bss), (32 bytes).
    Removing stm32f1xx_hal_flash_ex.o(.rev16_text), (4 bytes).
    Removing stm32f1xx_hal_flash_ex.o(.revsh_text), (4 bytes).
    Removing stm32f1xx_hal_flash_ex.o(.rrx_text), (6 bytes).
    Removing stm32f1xx_hal_flash_ex.o(i.FLASH_MassErase), (36 bytes).
    Removing stm32f1xx_hal_flash_ex.o(i.FLASH_OB_DisableWRP), (176 bytes).
    Removing stm32f1xx_hal_flash_ex.o(i.FLASH_OB_EnableWRP), (176 bytes).
    Removing stm32f1xx_hal_flash_ex.o(i.FLASH_OB_GetRDP), (24 bytes).
    Removing stm32f1xx_hal_flash_ex.o(i.FLASH_OB_RDP_LevelConfig), (100 bytes).
    Removing stm32f1xx_hal_flash_ex.o(i.FLASH_PageErase), (36 bytes).
    Removing stm32f1xx_hal_flash_ex.o(i.HAL_FLASHEx_Erase), (168 bytes).
    Removing stm32f1xx_hal_flash_ex.o(i.HAL_FLASHEx_Erase_IT), (84 bytes).
    Removing stm32f1xx_hal_flash_ex.o(i.HAL_FLASHEx_OBErase), (84 bytes).
    Removing stm32f1xx_hal_flash_ex.o(i.HAL_FLASHEx_OBGetConfig), (36 bytes).
    Removing stm32f1xx_hal_flash_ex.o(i.HAL_FLASHEx_OBGetUserData), (32 bytes).
    Removing stm32f1xx_hal_flash_ex.o(i.HAL_FLASHEx_OBProgram), (200 bytes).
    Removing stm32f1xx_hal_exti.o(.rev16_text), (4 bytes).
    Removing stm32f1xx_hal_exti.o(.revsh_text), (4 bytes).
    Removing stm32f1xx_hal_exti.o(.rrx_text), (6 bytes).
    Removing stm32f1xx_hal_exti.o(i.HAL_EXTI_ClearConfigLine), (104 bytes).
    Removing stm32f1xx_hal_exti.o(i.HAL_EXTI_ClearPending), (20 bytes).
    Removing stm32f1xx_hal_exti.o(i.HAL_EXTI_GenerateSWI), (20 bytes).
    Removing stm32f1xx_hal_exti.o(i.HAL_EXTI_GetConfigLine), (140 bytes).
    Removing stm32f1xx_hal_exti.o(i.HAL_EXTI_GetHandle), (12 bytes).
    Removing stm32f1xx_hal_exti.o(i.HAL_EXTI_GetPending), (24 bytes).
    Removing stm32f1xx_hal_exti.o(i.HAL_EXTI_IRQHandler), (36 bytes).
    Removing stm32f1xx_hal_exti.o(i.HAL_EXTI_RegisterCallback), (14 bytes).
    Removing stm32f1xx_hal_exti.o(i.HAL_EXTI_SetConfigLine), (164 bytes).
    Removing system_stm32f1xx.o(.rev16_text), (4 bytes).
    Removing system_stm32f1xx.o(.revsh_text), (4 bytes).
    Removing system_stm32f1xx.o(.rrx_text), (6 bytes).
    Removing system_stm32f1xx.o(i.SystemCoreClockUpdate), (104 bytes).
    Removing system_stm32f1xx.o(.constdata), (8 bytes).

201 unused section(s) (total 9938 bytes) removed from the image.

==============================================================================

Image Symbol Table

    Local Symbols

    Symbol Name                              Value     Ov Type        Size  Object(Section)

    ../Core/Src/gpio.c                       0x00000000   Number         0  gpio.o ABSOLUTE
    ../Core/Src/main.c                       0x00000000   Number         0  main.o ABSOLUTE
    ../Core/Src/stm32f1xx_hal_msp.c          0x00000000   Number         0  stm32f1xx_hal_msp.o ABSOLUTE
    ../Core/Src/stm32f1xx_it.c               0x00000000   Number         0  stm32f1xx_it.o ABSOLUTE
    ../Core/Src/system_stm32f1xx.c           0x00000000   Number         0  system_stm32f1xx.o ABSOLUTE
    ../Drivers/STM32F1xx_HAL_Driver/Src/stm32f1xx_hal.c 0x00000000   Number         0  stm32f1xx_hal.o ABSOLUTE
    ../Drivers/STM32F1xx_HAL_Driver/Src/stm32f1xx_hal_cortex.c 0x00000000   Number         0  stm32f1xx_hal_cortex.o ABSOLUTE
    ../Drivers/STM32F1xx_HAL_Driver/Src/stm32f1xx_hal_dma.c 0x00000000   Number         0  stm32f1xx_hal_dma.o ABSOLUTE
    ../Drivers/STM32F1xx_HAL_Driver/Src/stm32f1xx_hal_exti.c 0x00000000   Number         0  stm32f1xx_hal_exti.o ABSOLUTE
    ../Drivers/STM32F1xx_HAL_Driver/Src/stm32f1xx_hal_flash.c 0x00000000   Number         0  stm32f1xx_hal_flash.o ABSOLUTE
    ../Drivers/STM32F1xx_HAL_Driver/Src/stm32f1xx_hal_flash_ex.c 0x00000000   Number         0  stm32f1xx_hal_flash_ex.o ABSOLUTE
    ../Drivers/STM32F1xx_HAL_Driver/Src/stm32f1xx_hal_gpio.c 0x00000000   Number         0  stm32f1xx_hal_gpio.o ABSOLUTE
    ../Drivers/STM32F1xx_HAL_Driver/Src/stm32f1xx_hal_gpio_ex.c 0x00000000   Number         0  stm32f1xx_hal_gpio_ex.o ABSOLUTE
    ../Drivers/STM32F1xx_HAL_Driver/Src/stm32f1xx_hal_pwr.c 0x00000000   Number         0  stm32f1xx_hal_pwr.o ABSOLUTE
    ../Drivers/STM32F1xx_HAL_Driver/Src/stm32f1xx_hal_rcc.c 0x00000000   Number         0  stm32f1xx_hal_rcc.o ABSOLUTE
    ../Drivers/STM32F1xx_HAL_Driver/Src/stm32f1xx_hal_rcc_ex.c 0x00000000   Number         0  stm32f1xx_hal_rcc_ex.o ABSOLUTE
    ../Drivers/STM32F1xx_HAL_Driver/Src/stm32f1xx_hal_tim.c 0x00000000   Number         0  stm32f1xx_hal_tim.o ABSOLUTE
    ../Drivers/STM32F1xx_HAL_Driver/Src/stm32f1xx_hal_tim_ex.c 0x00000000   Number         0  stm32f1xx_hal_tim_ex.o ABSOLUTE
    ../clib/angel/boardlib.s                 0x00000000   Number         0  boardinit3.o ABSOLUTE
    ../clib/angel/boardlib.s                 0x00000000   Number         0  boardinit2.o ABSOLUTE
    ../clib/angel/boardlib.s                 0x00000000   Number         0  boardshut.o ABSOLUTE
    ../clib/angel/boardlib.s                 0x00000000   Number         0  boardinit1.o ABSOLUTE
    ../clib/angel/handlers.s                 0x00000000   Number         0  __scatter_zi.o ABSOLUTE
    ../clib/angel/handlers.s                 0x00000000   Number         0  __scatter_copy.o ABSOLUTE
    ../clib/angel/kernel.s                   0x00000000   Number         0  __rtentry4.o ABSOLUTE
    ../clib/angel/kernel.s                   0x00000000   Number         0  __rtentry2.o ABSOLUTE
    ../clib/angel/kernel.s                   0x00000000   Number         0  __rtentry.o ABSOLUTE
    ../clib/angel/kernel.s                   0x00000000   Number         0  rtexit2.o ABSOLUTE
    ../clib/angel/kernel.s                   0x00000000   Number         0  rtexit.o ABSOLUTE
    ../clib/angel/rt.s                       0x00000000   Number         0  rt_raise.o ABSOLUTE
    ../clib/angel/scatter.s                  0x00000000   Number         0  __scatter.o ABSOLUTE
    ../clib/angel/startup.s                  0x00000000   Number         0  __main.o ABSOLUTE
    ../clib/angel/sys.s                      0x00000000   Number         0  sys_stackheap_outer.o ABSOLUTE
    ../clib/angel/sys.s                      0x00000000   Number         0  use_no_semi.o ABSOLUTE
    ../clib/angel/sys.s                      0x00000000   Number         0  indicate_semi.o ABSOLUTE
    ../clib/angel/sys.s                      0x00000000   Number         0  libspace.o ABSOLUTE
    ../clib/angel/sysapp.c                   0x00000000   Number         0  sys_exit.o ABSOLUTE
    ../clib/angel/sysapp.c                   0x00000000   Number         0  sys_wrch.o ABSOLUTE
    ../clib/angel/sysapp.c                   0x00000000   Number         0  sys_command.o ABSOLUTE
    ../clib/armsys.c                         0x00000000   Number         0  argv_veneer.o ABSOLUTE
    ../clib/armsys.c                         0x00000000   Number         0  argv_veneer.o ABSOLUTE
    ../clib/armsys.c                         0x00000000   Number         0  _get_argv_nomalloc.o ABSOLUTE
    ../clib/armsys.c                         0x00000000   Number         0  no_argv.o ABSOLUTE
    ../clib/heapalloc.c                      0x00000000   Number         0  hrguard.o ABSOLUTE
    ../clib/heapaux.c                        0x00000000   Number         0  heapauxi.o ABSOLUTE
    ../clib/libinit.s                        0x00000000   Number         0  libshutdown2.o ABSOLUTE
    ../clib/libinit.s                        0x00000000   Number         0  libinit.o ABSOLUTE
    ../clib/libinit.s                        0x00000000   Number         0  libshutdown.o ABSOLUTE
    ../clib/libinit.s                        0x00000000   Number         0  libinit2.o ABSOLUTE
    ../clib/longlong.s                       0x00000000   Number         0  llushr.o ABSOLUTE
    ../clib/memcpset.s                       0x00000000   Number         0  rt_memclr_w.o ABSOLUTE
    ../clib/signal.c                         0x00000000   Number         0  defsig_general.o ABSOLUTE
    ../clib/signal.c                         0x00000000   Number         0  __raise.o ABSOLUTE
    ../clib/signal.c                         0x00000000   Number         0  defsig_rtmem_inner.o ABSOLUTE
    ../clib/signal.c                         0x00000000   Number         0  defsig_exit.o ABSOLUTE
    ../clib/signal.c                         0x00000000   Number         0  defsig_rtmem_formal.o ABSOLUTE
    ../clib/signal.c                         0x00000000   Number         0  defsig_other.o ABSOLUTE
    ../clib/signal.c                         0x00000000   Number         0  defsig_rtmem_outer.o ABSOLUTE
    ../clib/signal.c                         0x00000000   Number         0  defsig_segv_inner.o ABSOLUTE
    ../clib/signal.c                         0x00000000   Number         0  defsig_cppl_inner.o ABSOLUTE
    ../clib/signal.c                         0x00000000   Number         0  defsig_pvfn_inner.o ABSOLUTE
    ../clib/signal.c                         0x00000000   Number         0  defsig_stak_inner.o ABSOLUTE
    ../clib/signal.c                         0x00000000   Number         0  defsig_rtred_inner.o ABSOLUTE
    ../clib/signal.c                         0x00000000   Number         0  defsig_fpe_inner.o ABSOLUTE
    ../clib/signal.c                         0x00000000   Number         0  defsig_abrt_inner.o ABSOLUTE
    ../clib/signal.s                         0x00000000   Number         0  defsig.o ABSOLUTE
    ../clib/stdlib.c                         0x00000000   Number         0  exit.o ABSOLUTE
    ../fplib/fpinit.s                        0x00000000   Number         0  fpinit.o ABSOLUTE
    ..\Core\Src\gpio.c                       0x00000000   Number         0  gpio.o ABSOLUTE
    ..\Core\Src\main.c                       0x00000000   Number         0  main.o ABSOLUTE
    ..\Core\Src\oled12864.c                  0x00000000   Number         0  oled12864.o ABSOLUTE
    ..\Core\Src\stm32f1xx_hal_msp.c          0x00000000   Number         0  stm32f1xx_hal_msp.o ABSOLUTE
    ..\Core\Src\stm32f1xx_it.c               0x00000000   Number         0  stm32f1xx_it.o ABSOLUTE
    ..\Core\Src\system_stm32f1xx.c           0x00000000   Number         0  system_stm32f1xx.o ABSOLUTE
    ..\Drivers\STM32F1xx_HAL_Driver\Src\stm32f1xx_hal.c 0x00000000   Number         0  stm32f1xx_hal.o ABSOLUTE
    ..\Drivers\STM32F1xx_HAL_Driver\Src\stm32f1xx_hal_cortex.c 0x00000000   Number         0  stm32f1xx_hal_cortex.o ABSOLUTE
    ..\Drivers\STM32F1xx_HAL_Driver\Src\stm32f1xx_hal_dma.c 0x00000000   Number         0  stm32f1xx_hal_dma.o ABSOLUTE
    ..\Drivers\STM32F1xx_HAL_Driver\Src\stm32f1xx_hal_exti.c 0x00000000   Number         0  stm32f1xx_hal_exti.o ABSOLUTE
    ..\Drivers\STM32F1xx_HAL_Driver\Src\stm32f1xx_hal_flash.c 0x00000000   Number         0  stm32f1xx_hal_flash.o ABSOLUTE
    ..\Drivers\STM32F1xx_HAL_Driver\Src\stm32f1xx_hal_flash_ex.c 0x00000000   Number         0  stm32f1xx_hal_flash_ex.o ABSOLUTE
    ..\Drivers\STM32F1xx_HAL_Driver\Src\stm32f1xx_hal_gpio.c 0x00000000   Number         0  stm32f1xx_hal_gpio.o ABSOLUTE
    ..\Drivers\STM32F1xx_HAL_Driver\Src\stm32f1xx_hal_gpio_ex.c 0x00000000   Number         0  stm32f1xx_hal_gpio_ex.o ABSOLUTE
    ..\Drivers\STM32F1xx_HAL_Driver\Src\stm32f1xx_hal_pwr.c 0x00000000   Number         0  stm32f1xx_hal_pwr.o ABSOLUTE
    ..\Drivers\STM32F1xx_HAL_Driver\Src\stm32f1xx_hal_rcc.c 0x00000000   Number         0  stm32f1xx_hal_rcc.o ABSOLUTE
    ..\Drivers\STM32F1xx_HAL_Driver\Src\stm32f1xx_hal_rcc_ex.c 0x00000000   Number         0  stm32f1xx_hal_rcc_ex.o ABSOLUTE
    ..\Drivers\STM32F1xx_HAL_Driver\Src\stm32f1xx_hal_tim.c 0x00000000   Number         0  stm32f1xx_hal_tim.o ABSOLUTE
    ..\Drivers\STM32F1xx_HAL_Driver\Src\stm32f1xx_hal_tim_ex.c 0x00000000   Number         0  stm32f1xx_hal_tim_ex.o ABSOLUTE
    ..\\Core\\Src\\oled12864.c               0x00000000   Number         0  oled12864.o ABSOLUTE
    dc.s                                     0x00000000   Number         0  dc.o ABSOLUTE
    startup_stm32f103xb.s                    0x00000000   Number         0  startup_stm32f103xb.o ABSOLUTE
    RESET                                    0x08000000   Section      236  startup_stm32f103xb.o(RESET)
    !!!main                                  0x080000ec   Section        8  __main.o(!!!main)
    !!!scatter                               0x080000f4   Section       52  __scatter.o(!!!scatter)
    !!handler_copy                           0x08000128   Section       26  __scatter_copy.o(!!handler_copy)
    !!handler_zi                             0x08000144   Section       28  __scatter_zi.o(!!handler_zi)
    .ARM.Collect$$libinit$$00000000          0x08000160   Section        2  libinit.o(.ARM.Collect$$libinit$$00000000)
    .ARM.Collect$$libinit$$00000002          0x08000162   Section        0  libinit2.o(.ARM.Collect$$libinit$$00000002)
    .ARM.Collect$$libinit$$00000004          0x08000162   Section        0  libinit2.o(.ARM.Collect$$libinit$$00000004)
    .ARM.Collect$$libinit$$0000000A          0x08000162   Section        0  libinit2.o(.ARM.Collect$$libinit$$0000000A)
    .ARM.Collect$$libinit$$0000000C          0x08000162   Section        0  libinit2.o(.ARM.Collect$$libinit$$0000000C)
    .ARM.Collect$$libinit$$0000000E          0x08000162   Section        0  libinit2.o(.ARM.Collect$$libinit$$0000000E)
    .ARM.Collect$$libinit$$00000011          0x08000162   Section        0  libinit2.o(.ARM.Collect$$libinit$$00000011)
    .ARM.Collect$$libinit$$00000013          0x08000162   Section        0  libinit2.o(.ARM.Collect$$libinit$$00000013)
    .ARM.Collect$$libinit$$00000015          0x08000162   Section        0  libinit2.o(.ARM.Collect$$libinit$$00000015)
    .ARM.Collect$$libinit$$00000017          0x08000162   Section        0  libinit2.o(.ARM.Collect$$libinit$$00000017)
    .ARM.Collect$$libinit$$00000019          0x08000162   Section        0  libinit2.o(.ARM.Collect$$libinit$$00000019)
    .ARM.Collect$$libinit$$0000001B          0x08000162   Section        0  libinit2.o(.ARM.Collect$$libinit$$0000001B)
    .ARM.Collect$$libinit$$0000001D          0x08000162   Section        0  libinit2.o(.ARM.Collect$$libinit$$0000001D)
    .ARM.Collect$$libinit$$0000001F          0x08000162   Section        0  libinit2.o(.ARM.Collect$$libinit$$0000001F)
    .ARM.Collect$$libinit$$00000021          0x08000162   Section        0  libinit2.o(.ARM.Collect$$libinit$$00000021)
    .ARM.Collect$$libinit$$00000023          0x08000162   Section        0  libinit2.o(.ARM.Collect$$libinit$$00000023)
    .ARM.Collect$$libinit$$00000025          0x08000162   Section        0  libinit2.o(.ARM.Collect$$libinit$$00000025)
    .ARM.Collect$$libinit$$0000002C          0x08000162   Section        0  libinit2.o(.ARM.Collect$$libinit$$0000002C)
    .ARM.Collect$$libinit$$0000002E          0x08000162   Section        0  libinit2.o(.ARM.Collect$$libinit$$0000002E)
    .ARM.Collect$$libinit$$00000030          0x08000162   Section        0  libinit2.o(.ARM.Collect$$libinit$$00000030)
    .ARM.Collect$$libinit$$00000032          0x08000162   Section        0  libinit2.o(.ARM.Collect$$libinit$$00000032)
    .ARM.Collect$$libinit$$00000033          0x08000162   Section        2  libinit2.o(.ARM.Collect$$libinit$$00000033)
    .ARM.Collect$$libshutdown$$00000000      0x08000164   Section        2  libshutdown.o(.ARM.Collect$$libshutdown$$00000000)
    .ARM.Collect$$libshutdown$$00000002      0x08000166   Section        0  libshutdown2.o(.ARM.Collect$$libshutdown$$00000002)
    .ARM.Collect$$libshutdown$$00000004      0x08000166   Section        0  libshutdown2.o(.ARM.Collect$$libshutdown$$00000004)
    .ARM.Collect$$libshutdown$$00000006      0x08000166   Section        0  libshutdown2.o(.ARM.Collect$$libshutdown$$00000006)
    .ARM.Collect$$libshutdown$$00000009      0x08000166   Section        0  libshutdown2.o(.ARM.Collect$$libshutdown$$00000009)
    .ARM.Collect$$libshutdown$$0000000C      0x08000166   Section        0  libshutdown2.o(.ARM.Collect$$libshutdown$$0000000C)
    .ARM.Collect$$libshutdown$$0000000E      0x08000166   Section        0  libshutdown2.o(.ARM.Collect$$libshutdown$$0000000E)
    .ARM.Collect$$libshutdown$$00000011      0x08000166   Section        0  libshutdown2.o(.ARM.Collect$$libshutdown$$00000011)
    .ARM.Collect$$libshutdown$$00000012      0x08000166   Section        2  libshutdown2.o(.ARM.Collect$$libshutdown$$00000012)
    .ARM.Collect$$rtentry$$00000000          0x08000168   Section        0  __rtentry.o(.ARM.Collect$$rtentry$$00000000)
    .ARM.Collect$$rtentry$$00000002          0x08000168   Section        0  __rtentry2.o(.ARM.Collect$$rtentry$$00000002)
    .ARM.Collect$$rtentry$$00000004          0x08000168   Section        6  __rtentry4.o(.ARM.Collect$$rtentry$$00000004)
    .ARM.Collect$$rtentry$$00000009          0x0800016e   Section        0  __rtentry2.o(.ARM.Collect$$rtentry$$00000009)
    .ARM.Collect$$rtentry$$0000000A          0x0800016e   Section        4  __rtentry2.o(.ARM.Collect$$rtentry$$0000000A)
    .ARM.Collect$$rtentry$$0000000C          0x08000172   Section        0  __rtentry2.o(.ARM.Collect$$rtentry$$0000000C)
    .ARM.Collect$$rtentry$$0000000D          0x08000172   Section        8  __rtentry2.o(.ARM.Collect$$rtentry$$0000000D)
    .ARM.Collect$$rtexit$$00000000           0x0800017a   Section        2  rtexit.o(.ARM.Collect$$rtexit$$00000000)
    .ARM.Collect$$rtexit$$00000002           0x0800017c   Section        0  rtexit2.o(.ARM.Collect$$rtexit$$00000002)
    .ARM.Collect$$rtexit$$00000003           0x0800017c   Section        4  rtexit2.o(.ARM.Collect$$rtexit$$00000003)
    .ARM.Collect$$rtexit$$00000004           0x08000180   Section        6  rtexit2.o(.ARM.Collect$$rtexit$$00000004)
    .text                                    0x08000188   Section       64  startup_stm32f103xb.o(.text)
    .text                                    0x080001c8   Section       78  rt_memclr_w.o(.text)
    .text                                    0x08000216   Section        0  heapauxi.o(.text)
    .text                                    0x0800021c   Section       74  sys_stackheap_outer.o(.text)
    .text                                    0x08000266   Section        0  exit.o(.text)
    .text                                    0x08000278   Section        8  libspace.o(.text)
    .text                                    0x08000280   Section        0  sys_exit.o(.text)
    .text                                    0x0800028c   Section        2  use_no_semi.o(.text)
    .text                                    0x0800028e   Section        0  indicate_semi.o(.text)
    i.BusFault_Handler                       0x0800028e   Section        0  stm32f1xx_it.o(i.BusFault_Handler)
    i.CHANGE_GRID_STAT_TTRIS                 0x08000290   Section        0  main.o(i.CHANGE_GRID_STAT_TTRIS)
    i.CHECK_if_Rot_Ok_TTRIS                  0x080002cc   Section        0  main.o(i.CHECK_if_Rot_Ok_TTRIS)
    i.CONTROLE_TTRIS                         0x08000314   Section        0  main.o(i.CONTROLE_TTRIS)
    i.Calcul_of_Score_TTRIS                  0x080003ec   Section        0  main.o(i.Calcul_of_Score_TTRIS)
    i.Check_collision_x_TTRIS                0x08000410   Section        0  main.o(i.Check_collision_x_TTRIS)
    i.Check_collision_y_TTRIS                0x08000460   Section        0  main.o(i.Check_collision_y_TTRIS)
    i.Clean_Grid_TTRIS                       0x080004b0   Section        0  main.o(i.Clean_Grid_TTRIS)
    i.Convert_Nb_of_line_TTRIS               0x08000510   Section        0  main.o(i.Convert_Nb_of_line_TTRIS)
    i.DELETE_LINE_TTRIS                      0x08000548   Section        0  main.o(i.DELETE_LINE_TTRIS)
    i.DebugMon_Handler                       0x080005d4   Section        0  stm32f1xx_it.o(i.DebugMon_Handler)
    i.Delay_50ms                             0x080005d6   Section        0  oled12864.o(i.Delay_50ms)
    i.DropPiece_TTRIS                        0x080005ec   Section        0  main.o(i.DropPiece_TTRIS)
    i.END_DROP_TTRIS                         0x08000660   Section        0  main.o(i.END_DROP_TTRIS)
    i.End_Play_TTRIS                         0x080006cc   Section        0  main.o(i.End_Play_TTRIS)
    i.FLASH_LINE_TTRIS                       0x080006e8   Section        0  main.o(i.FLASH_LINE_TTRIS)
    i.Flip_intro_TTRIS                       0x08000714   Section        0  main.o(i.Flip_intro_TTRIS)
    i.GRID_STAT_TTRIS                        0x08000750   Section        0  main.o(i.GRID_STAT_TTRIS)
    i.Game_Play_TTRIS                        0x08000784   Section        0  main.o(i.Game_Play_TTRIS)
    i.HAL_Delay                              0x080007b8   Section        0  stm32f1xx_hal.o(i.HAL_Delay)
    i.HAL_GPIO_Init                          0x080007dc   Section        0  stm32f1xx_hal_gpio.o(i.HAL_GPIO_Init)
    i.HAL_GPIO_ReadPin                       0x080009bc   Section        0  stm32f1xx_hal_gpio.o(i.HAL_GPIO_ReadPin)
    i.HAL_GPIO_WritePin                      0x080009c6   Section        0  stm32f1xx_hal_gpio.o(i.HAL_GPIO_WritePin)
    i.HAL_GetTick                            0x080009d0   Section        0  stm32f1xx_hal.o(i.HAL_GetTick)
    i.HAL_IncTick                            0x080009dc   Section        0  stm32f1xx_hal.o(i.HAL_IncTick)
    i.HAL_Init                               0x080009ec   Section        0  stm32f1xx_hal.o(i.HAL_Init)
    i.HAL_InitTick                           0x08000a10   Section        0  stm32f1xx_hal.o(i.HAL_InitTick)
    i.HAL_MspInit                            0x08000a50   Section        0  stm32f1xx_hal_msp.o(i.HAL_MspInit)
    i.HAL_NVIC_SetPriority                   0x08000a8c   Section        0  stm32f1xx_hal_cortex.o(i.HAL_NVIC_SetPriority)
    i.HAL_NVIC_SetPriorityGrouping           0x08000acc   Section        0  stm32f1xx_hal_cortex.o(i.HAL_NVIC_SetPriorityGrouping)
    i.HAL_RCC_ClockConfig                    0x08000af0   Section        0  stm32f1xx_hal_rcc.o(i.HAL_RCC_ClockConfig)
    i.HAL_RCC_GetSysClockFreq                0x08000c1c   Section        0  stm32f1xx_hal_rcc.o(i.HAL_RCC_GetSysClockFreq)
    i.HAL_RCC_OscConfig                      0x08000c68   Section        0  stm32f1xx_hal_rcc.o(i.HAL_RCC_OscConfig)
    i.HAL_SYSTICK_Config                     0x08000f88   Section        0  stm32f1xx_hal_cortex.o(i.HAL_SYSTICK_Config)
    i.H_grid_Scan_TTRIS                      0x08000fb0   Section        0  main.o(i.H_grid_Scan_TTRIS)
    i.HardFault_Handler                      0x08000fc0   Section        0  stm32f1xx_it.o(i.HardFault_Handler)
    i.IIC_Start                              0x08000fc4   Section        0  oled12864.o(i.IIC_Start)
    i.IIC_Stop                               0x08000ffc   Section        0  oled12864.o(i.IIC_Stop)
    i.IIC_WaitAck                            0x08001028   Section        0  oled12864.o(i.IIC_WaitAck)
    i.IIC_WriteByte                          0x0800104c   Section        0  oled12864.o(i.IIC_WriteByte)
    i.IIC_WriteCommand                       0x080010a8   Section        0  oled12864.o(i.IIC_WriteCommand)
    i.IIC_WriteData                          0x080010d6   Section        0  oled12864.o(i.IIC_WriteData)
    i.INIT_ALL_VAR_TTRIS                     0x08001104   Section        0  main.o(i.INIT_ALL_VAR_TTRIS)
    i.INTRO_MANIFEST_TTRIS                   0x0800117c   Section        0  main.o(i.INTRO_MANIFEST_TTRIS)
    i.JOY_act_pressed                        0x080011cc   Section        0  main.o(i.JOY_act_pressed)
    i.JOY_act_released                       0x080011e4   Section        0  main.o(i.JOY_act_released)
    i.JOY_down_pressed                       0x080011fc   Section        0  main.o(i.JOY_down_pressed)
    i.JOY_left_pressed                       0x08001214   Section        0  main.o(i.JOY_left_pressed)
    i.JOY_right_pressed                      0x08001240   Section        0  main.o(i.JOY_right_pressed)
    i.MX_GPIO_Init                           0x0800126c   Section        0  gpio.o(i.MX_GPIO_Init)
    i.MemManage_Handler                      0x0800131c   Section        0  stm32f1xx_it.o(i.MemManage_Handler)
    i.Move_Piece_TTRIS                       0x08001320   Section        0  main.o(i.Move_Piece_TTRIS)
    i.NEXT_BLOCK_TTRIS                       0x080013b4   Section        0  main.o(i.NEXT_BLOCK_TTRIS)
    i.NMI_Handler                            0x08001448   Section        0  stm32f1xx_it.o(i.NMI_Handler)
    i.OLED_FillPicture                       0x0800144a   Section        0  oled12864.o(i.OLED_FillPicture)
    i.OLED_Init                              0x08001486   Section        0  oled12864.o(i.OLED_Init)
    i.OLED_SetPos                            0x08001556   Section        0  oled12864.o(i.OLED_SetPos)
    i.OLED_WR_Byte                           0x08001580   Section        0  oled12864.o(i.OLED_WR_Byte)
    i.OLED_data_start                        0x0800158c   Section        0  oled12864.o(i.OLED_data_start)
    i.Ou_suis_Je_TTRIS                       0x080015ac   Section        0  main.o(i.Ou_suis_Je_TTRIS)
    i.PAINT_LINE_TTRIS                       0x080015f0   Section        0  main.o(i.PAINT_LINE_TTRIS)
    i.PSEUDO_RND_TTRIS                       0x0800161c   Section        0  main.o(i.PSEUDO_RND_TTRIS)
    i.PendSV_Handler                         0x08001634   Section        0  stm32f1xx_it.o(i.PendSV_Handler)
    i.RECUPE_BACKGROUND_TTRIS                0x08001638   Section        0  main.o(i.RECUPE_BACKGROUND_TTRIS)
    i.Recupe_Start_TTRIS                     0x08001648   Section        0  main.o(i.Recupe_Start_TTRIS)
    i.Recupe_TTRIS                           0x0800168c   Section        0  main.o(i.Recupe_TTRIS)
    i.Reset_Value_TTRIS                      0x08001740   Section        0  main.o(i.Reset_Value_TTRIS)
    i.SETUP_NEW_PREVIEW_PIECE_TTRIS          0x08001750   Section        0  main.o(i.SETUP_NEW_PREVIEW_PIECE_TTRIS)
    i.SVC_Handler                            0x08001774   Section        0  stm32f1xx_it.o(i.SVC_Handler)
    i.Scan_Piece_Matrix_TTRIS                0x08001778   Section        0  main.o(i.Scan_Piece_Matrix_TTRIS)
    i.Select_Piece_TTRIS                     0x08001790   Section        0  main.o(i.Select_Piece_TTRIS)
    i.SplitSpriteDecalageY_TTRIS             0x080017bc   Section        0  main.o(i.SplitSpriteDecalageY_TTRIS)
    i.SysTick_Handler                        0x080017ce   Section        0  stm32f1xx_it.o(i.SysTick_Handler)
    i.SystemClock_Config                     0x080017d2   Section        0  main.o(i.SystemClock_Config)
    i.SystemInit                             0x08001830   Section        0  system_stm32f1xx.o(i.SystemInit)
    i.Tiny_Flip_TTRIS                        0x08001832   Section        0  main.o(i.Tiny_Flip_TTRIS)
    i.UsageFault_Handler                     0x0800186e   Section        0  stm32f1xx_it.o(i.UsageFault_Handler)
    i.__NVIC_SetPriority                     0x08001870   Section        0  stm32f1xx_hal_cortex.o(i.__NVIC_SetPriority)
    __NVIC_SetPriority                       0x08001871   Thumb Code    32  stm32f1xx_hal_cortex.o(i.__NVIC_SetPriority)
    i.blitzSprite_TTRIS                      0x08001890   Section        0  main.o(i.blitzSprite_TTRIS)
    i.intro_TTRIS                            0x08001926   Section        0  main.o(i.intro_TTRIS)
    i.main                                   0x08001970   Section        0  main.o(i.main)
    i.map                                    0x08001a54   Section        0  main.o(i.map)
    i.recupe_Chateau_TTRIS                   0x08001a68   Section        0  main.o(i.recupe_Chateau_TTRIS)
    i.recupe_LEVEL_TTRIS                     0x08001a8c   Section        0  main.o(i.recupe_LEVEL_TTRIS)
    i.recupe_Nb_of_line_TTRIS                0x08001af0   Section        0  main.o(i.recupe_Nb_of_line_TTRIS)
    i.recupe_SCORES_TTRIS                    0x08001b58   Section        0  main.o(i.recupe_SCORES_TTRIS)
    i.reset_Score_TTRIS                      0x08001d8c   Section        0  main.o(i.reset_Score_TTRIS)
    i.rotate_Matrix_TTRIS                    0x08001dac   Section        0  main.o(i.rotate_Matrix_TTRIS)
    .constdata                               0x08001e30   Section     1506  main.o(.constdata)
    .constdata                               0x08002412   Section       18  stm32f1xx_hal_rcc.o(.constdata)
    aPredivFactorTable                       0x08002412   Data           2  stm32f1xx_hal_rcc.o(.constdata)
    aPLLMULFactorTable                       0x08002414   Data          16  stm32f1xx_hal_rcc.o(.constdata)
    .constdata                               0x08002424   Section       16  system_stm32f1xx.o(.constdata)
    .data                                    0x20000000   Section       68  main.o(.data)
    .data                                    0x20000044   Section       12  stm32f1xx_hal.o(.data)
    .data                                    0x20000050   Section        4  system_stm32f1xx.o(.data)
    .bss                                     0x20000054   Section       61  main.o(.bss)
    .bss                                     0x20000094   Section       96  libspace.o(.bss)
    HEAP                                     0x200000f8   Section      512  startup_stm32f103xb.o(HEAP)
    Heap_Mem                                 0x200000f8   Data         512  startup_stm32f103xb.o(HEAP)
    STACK                                    0x200002f8   Section     1024  startup_stm32f103xb.o(STACK)
    Stack_Mem                                0x200002f8   Data        1024  startup_stm32f103xb.o(STACK)
    __initial_sp                             0x200006f8   Data           0  startup_stm32f103xb.o(STACK)

    Global Symbols

    Symbol Name                              Value     Ov Type        Size  Object(Section)

    BuildAttributes$$THM_ISAv4$P$D$K$B$S$PE$A:L22UL41UL21$X:L11$S22US41US21$IEEE1$IW$USESV6$~STKCKD$USESV7$~SHL$OSPACE$ROPI$EBA8$UX$STANDARDLIB$REQ8$PRES8$EABIv2 0x00000000   Number         0  anon$$obj.o ABSOLUTE
    __ARM_use_no_argv                        0x00000000   Number         0  main.o ABSOLUTE
    __ARM_exceptions_init                     - Undefined Weak Reference
    __alloca_initialize                       - Undefined Weak Reference
    __arm_fini_                               - Undefined Weak Reference
    __arm_preinit_                            - Undefined Weak Reference
    __cpp_initialize__aeabi_                  - Undefined Weak Reference
    __cxa_finalize                            - Undefined Weak Reference
    __rt_locale                               - Undefined Weak Reference
    __sigvec_lookup                           - Undefined Weak Reference
    _atexit_init                              - Undefined Weak Reference
    _call_atexit_fns                          - Undefined Weak Reference
    _clock_init                               - Undefined Weak Reference
    _fp_trap_init                             - Undefined Weak Reference
    _fp_trap_shutdown                         - Undefined Weak Reference
    _get_lc_collate                           - Undefined Weak Reference
    _get_lc_ctype                             - Undefined Weak Reference
    _get_lc_monetary                          - Undefined Weak Reference
    _get_lc_numeric                           - Undefined Weak Reference
    _get_lc_time                              - Undefined Weak Reference
    _getenv_init                              - Undefined Weak Reference
    _handle_redirection                       - Undefined Weak Reference
    _init_alloc                               - Undefined Weak Reference
    _init_user_alloc                          - Undefined Weak Reference
    _initio                                   - Undefined Weak Reference
    _rand_init                                - Undefined Weak Reference
    _signal_finish                            - Undefined Weak Reference
    _signal_init                              - Undefined Weak Reference
    _terminate_alloc                          - Undefined Weak Reference
    _terminate_user_alloc                     - Undefined Weak Reference
    _terminateio                              - Undefined Weak Reference
    __Vectors_Size                           0x000000ec   Number         0  startup_stm32f103xb.o ABSOLUTE
    __Vectors                                0x08000000   Data           4  startup_stm32f103xb.o(RESET)
    __Vectors_End                            0x080000ec   Data           0  startup_stm32f103xb.o(RESET)
    __main                                   0x080000ed   Thumb Code     8  __main.o(!!!main)
    __scatterload                            0x080000f5   Thumb Code     0  __scatter.o(!!!scatter)
    __scatterload_rt2                        0x080000f5   Thumb Code    44  __scatter.o(!!!scatter)
    __scatterload_rt2_thumb_only             0x080000f5   Thumb Code     0  __scatter.o(!!!scatter)
    __scatterload_null                       0x08000103   Thumb Code     0  __scatter.o(!!!scatter)
    __scatterload_copy                       0x08000129   Thumb Code    26  __scatter_copy.o(!!handler_copy)
    __scatterload_zeroinit                   0x08000145   Thumb Code    28  __scatter_zi.o(!!handler_zi)
    __rt_lib_init                            0x08000161   Thumb Code     0  libinit.o(.ARM.Collect$$libinit$$00000000)
    __rt_lib_init_alloca_1                   0x08000163   Thumb Code     0  libinit2.o(.ARM.Collect$$libinit$$0000002E)
    __rt_lib_init_argv_1                     0x08000163   Thumb Code     0  libinit2.o(.ARM.Collect$$libinit$$0000002C)
    __rt_lib_init_atexit_1                   0x08000163   Thumb Code     0  libinit2.o(.ARM.Collect$$libinit$$0000001B)
    __rt_lib_init_clock_1                    0x08000163   Thumb Code     0  libinit2.o(.ARM.Collect$$libinit$$00000021)
    __rt_lib_init_cpp_1                      0x08000163   Thumb Code     0  libinit2.o(.ARM.Collect$$libinit$$00000032)
    __rt_lib_init_exceptions_1               0x08000163   Thumb Code     0  libinit2.o(.ARM.Collect$$libinit$$00000030)
    __rt_lib_init_fp_1                       0x08000163   Thumb Code     0  libinit2.o(.ARM.Collect$$libinit$$00000002)
    __rt_lib_init_fp_trap_1                  0x08000163   Thumb Code     0  libinit2.o(.ARM.Collect$$libinit$$0000001F)
    __rt_lib_init_getenv_1                   0x08000163   Thumb Code     0  libinit2.o(.ARM.Collect$$libinit$$00000023)
    __rt_lib_init_heap_1                     0x08000163   Thumb Code     0  libinit2.o(.ARM.Collect$$libinit$$0000000A)
    __rt_lib_init_lc_collate_1               0x08000163   Thumb Code     0  libinit2.o(.ARM.Collect$$libinit$$00000011)
    __rt_lib_init_lc_ctype_1                 0x08000163   Thumb Code     0  libinit2.o(.ARM.Collect$$libinit$$00000013)
    __rt_lib_init_lc_monetary_1              0x08000163   Thumb Code     0  libinit2.o(.ARM.Collect$$libinit$$00000015)
    __rt_lib_init_lc_numeric_1               0x08000163   Thumb Code     0  libinit2.o(.ARM.Collect$$libinit$$00000017)
    __rt_lib_init_lc_time_1                  0x08000163   Thumb Code     0  libinit2.o(.ARM.Collect$$libinit$$00000019)
    __rt_lib_init_preinit_1                  0x08000163   Thumb Code     0  libinit2.o(.ARM.Collect$$libinit$$00000004)
    __rt_lib_init_rand_1                     0x08000163   Thumb Code     0  libinit2.o(.ARM.Collect$$libinit$$0000000E)
    __rt_lib_init_return                     0x08000163   Thumb Code     0  libinit2.o(.ARM.Collect$$libinit$$00000033)
    __rt_lib_init_signal_1                   0x08000163   Thumb Code     0  libinit2.o(.ARM.Collect$$libinit$$0000001D)
    __rt_lib_init_stdio_1                    0x08000163   Thumb Code     0  libinit2.o(.ARM.Collect$$libinit$$00000025)
    __rt_lib_init_user_alloc_1               0x08000163   Thumb Code     0  libinit2.o(.ARM.Collect$$libinit$$0000000C)
    __rt_lib_shutdown                        0x08000165   Thumb Code     0  libshutdown.o(.ARM.Collect$$libshutdown$$00000000)
    __rt_lib_shutdown_cpp_1                  0x08000167   Thumb Code     0  libshutdown2.o(.ARM.Collect$$libshutdown$$00000004)
    __rt_lib_shutdown_fini_1                 0x08000167   Thumb Code     0  libshutdown2.o(.ARM.Collect$$libshutdown$$00000002)
    __rt_lib_shutdown_fp_trap_1              0x08000167   Thumb Code     0  libshutdown2.o(.ARM.Collect$$libshutdown$$00000009)
    __rt_lib_shutdown_heap_1                 0x08000167   Thumb Code     0  libshutdown2.o(.ARM.Collect$$libshutdown$$00000011)
    __rt_lib_shutdown_return                 0x08000167   Thumb Code     0  libshutdown2.o(.ARM.Collect$$libshutdown$$00000012)
    __rt_lib_shutdown_signal_1               0x08000167   Thumb Code     0  libshutdown2.o(.ARM.Collect$$libshutdown$$0000000C)
    __rt_lib_shutdown_stdio_1                0x08000167   Thumb Code     0  libshutdown2.o(.ARM.Collect$$libshutdown$$00000006)
    __rt_lib_shutdown_user_alloc_1           0x08000167   Thumb Code     0  libshutdown2.o(.ARM.Collect$$libshutdown$$0000000E)
    __rt_entry                               0x08000169   Thumb Code     0  __rtentry.o(.ARM.Collect$$rtentry$$00000000)
    __rt_entry_presh_1                       0x08000169   Thumb Code     0  __rtentry2.o(.ARM.Collect$$rtentry$$00000002)
    __rt_entry_sh                            0x08000169   Thumb Code     0  __rtentry4.o(.ARM.Collect$$rtentry$$00000004)
    __rt_entry_li                            0x0800016f   Thumb Code     0  __rtentry2.o(.ARM.Collect$$rtentry$$0000000A)
    __rt_entry_postsh_1                      0x0800016f   Thumb Code     0  __rtentry2.o(.ARM.Collect$$rtentry$$00000009)
    __rt_entry_main                          0x08000173   Thumb Code     0  __rtentry2.o(.ARM.Collect$$rtentry$$0000000D)
    __rt_entry_postli_1                      0x08000173   Thumb Code     0  __rtentry2.o(.ARM.Collect$$rtentry$$0000000C)
    __rt_exit                                0x0800017b   Thumb Code     0  rtexit.o(.ARM.Collect$$rtexit$$00000000)
    __rt_exit_ls                             0x0800017d   Thumb Code     0  rtexit2.o(.ARM.Collect$$rtexit$$00000003)
    __rt_exit_prels_1                        0x0800017d   Thumb Code     0  rtexit2.o(.ARM.Collect$$rtexit$$00000002)
    __rt_exit_exit                           0x08000181   Thumb Code     0  rtexit2.o(.ARM.Collect$$rtexit$$00000004)
    Reset_Handler                            0x08000189   Thumb Code     8  startup_stm32f103xb.o(.text)
    ADC1_2_IRQHandler                        0x080001a3   Thumb Code     0  startup_stm32f103xb.o(.text)
    CAN1_RX1_IRQHandler                      0x080001a3   Thumb Code     0  startup_stm32f103xb.o(.text)
    CAN1_SCE_IRQHandler                      0x080001a3   Thumb Code     0  startup_stm32f103xb.o(.text)
    DMA1_Channel1_IRQHandler                 0x080001a3   Thumb Code     0  startup_stm32f103xb.o(.text)
    DMA1_Channel2_IRQHandler                 0x080001a3   Thumb Code     0  startup_stm32f103xb.o(.text)
    DMA1_Channel3_IRQHandler                 0x080001a3   Thumb Code     0  startup_stm32f103xb.o(.text)
    DMA1_Channel4_IRQHandler                 0x080001a3   Thumb Code     0  startup_stm32f103xb.o(.text)
    DMA1_Channel5_IRQHandler                 0x080001a3   Thumb Code     0  startup_stm32f103xb.o(.text)
    DMA1_Channel6_IRQHandler                 0x080001a3   Thumb Code     0  startup_stm32f103xb.o(.text)
    DMA1_Channel7_IRQHandler                 0x080001a3   Thumb Code     0  startup_stm32f103xb.o(.text)
    EXTI0_IRQHandler                         0x080001a3   Thumb Code     0  startup_stm32f103xb.o(.text)
    EXTI15_10_IRQHandler                     0x080001a3   Thumb Code     0  startup_stm32f103xb.o(.text)
    EXTI1_IRQHandler                         0x080001a3   Thumb Code     0  startup_stm32f103xb.o(.text)
    EXTI2_IRQHandler                         0x080001a3   Thumb Code     0  startup_stm32f103xb.o(.text)
    EXTI3_IRQHandler                         0x080001a3   Thumb Code     0  startup_stm32f103xb.o(.text)
    EXTI4_IRQHandler                         0x080001a3   Thumb Code     0  startup_stm32f103xb.o(.text)
    EXTI9_5_IRQHandler                       0x080001a3   Thumb Code     0  startup_stm32f103xb.o(.text)
    FLASH_IRQHandler                         0x080001a3   Thumb Code     0  startup_stm32f103xb.o(.text)
    I2C1_ER_IRQHandler                       0x080001a3   Thumb Code     0  startup_stm32f103xb.o(.text)
    I2C1_EV_IRQHandler                       0x080001a3   Thumb Code     0  startup_stm32f103xb.o(.text)
    I2C2_ER_IRQHandler                       0x080001a3   Thumb Code     0  startup_stm32f103xb.o(.text)
    I2C2_EV_IRQHandler                       0x080001a3   Thumb Code     0  startup_stm32f103xb.o(.text)
    PVD_IRQHandler                           0x080001a3   Thumb Code     0  startup_stm32f103xb.o(.text)
    RCC_IRQHandler                           0x080001a3   Thumb Code     0  startup_stm32f103xb.o(.text)
    RTC_Alarm_IRQHandler                     0x080001a3   Thumb Code     0  startup_stm32f103xb.o(.text)
    RTC_IRQHandler                           0x080001a3   Thumb Code     0  startup_stm32f103xb.o(.text)
    SPI1_IRQHandler                          0x080001a3   Thumb Code     0  startup_stm32f103xb.o(.text)
    SPI2_IRQHandler                          0x080001a3   Thumb Code     0  startup_stm32f103xb.o(.text)
    TAMPER_IRQHandler                        0x080001a3   Thumb Code     0  startup_stm32f103xb.o(.text)
    TIM1_BRK_IRQHandler                      0x080001a3   Thumb Code     0  startup_stm32f103xb.o(.text)
    TIM1_CC_IRQHandler                       0x080001a3   Thumb Code     0  startup_stm32f103xb.o(.text)
    TIM1_TRG_COM_IRQHandler                  0x080001a3   Thumb Code     0  startup_stm32f103xb.o(.text)
    TIM1_UP_IRQHandler                       0x080001a3   Thumb Code     0  startup_stm32f103xb.o(.text)
    TIM2_IRQHandler                          0x080001a3   Thumb Code     0  startup_stm32f103xb.o(.text)
    TIM3_IRQHandler                          0x080001a3   Thumb Code     0  startup_stm32f103xb.o(.text)
    TIM4_IRQHandler                          0x080001a3   Thumb Code     0  startup_stm32f103xb.o(.text)
    USART1_IRQHandler                        0x080001a3   Thumb Code     0  startup_stm32f103xb.o(.text)
    USART2_IRQHandler                        0x080001a3   Thumb Code     0  startup_stm32f103xb.o(.text)
    USART3_IRQHandler                        0x080001a3   Thumb Code     0  startup_stm32f103xb.o(.text)
    USBWakeUp_IRQHandler                     0x080001a3   Thumb Code     0  startup_stm32f103xb.o(.text)
    USB_HP_CAN1_TX_IRQHandler                0x080001a3   Thumb Code     0  startup_stm32f103xb.o(.text)
    USB_LP_CAN1_RX0_IRQHandler               0x080001a3   Thumb Code     0  startup_stm32f103xb.o(.text)
    WWDG_IRQHandler                          0x080001a3   Thumb Code     0  startup_stm32f103xb.o(.text)
    __user_initial_stackheap                 0x080001a5   Thumb Code     0  startup_stm32f103xb.o(.text)
    __aeabi_memclr4                          0x080001c9   Thumb Code     0  rt_memclr_w.o(.text)
    __aeabi_memclr8                          0x080001c9   Thumb Code     0  rt_memclr_w.o(.text)
    __rt_memclr_w                            0x080001c9   Thumb Code    78  rt_memclr_w.o(.text)
    _memset_w                                0x080001cd   Thumb Code     0  rt_memclr_w.o(.text)
    __use_two_region_memory                  0x08000217   Thumb Code     2  heapauxi.o(.text)
    __rt_heap_escrow$2region                 0x08000219   Thumb Code     2  heapauxi.o(.text)
    __rt_heap_expand$2region                 0x0800021b   Thumb Code     2  heapauxi.o(.text)
    __user_setup_stackheap                   0x0800021d   Thumb Code    74  sys_stackheap_outer.o(.text)
    exit                                     0x08000267   Thumb Code    18  exit.o(.text)
    __user_libspace                          0x08000279   Thumb Code     8  libspace.o(.text)
    __user_perproc_libspace                  0x08000279   Thumb Code     0  libspace.o(.text)
    __user_perthread_libspace                0x08000279   Thumb Code     0  libspace.o(.text)
    _sys_exit                                0x08000281   Thumb Code     8  sys_exit.o(.text)
    __I$use$semihosting                      0x0800028d   Thumb Code     0  use_no_semi.o(.text)
    __use_no_semihosting_swi                 0x0800028d   Thumb Code     2  use_no_semi.o(.text)
    BusFault_Handler                         0x0800028f   Thumb Code     2  stm32f1xx_it.o(i.BusFault_Handler)
    __semihosting_library_function           0x0800028f   Thumb Code     0  indicate_semi.o(.text)
    CHANGE_GRID_STAT_TTRIS                   0x08000291   Thumb Code    56  main.o(i.CHANGE_GRID_STAT_TTRIS)
    CHECK_if_Rot_Ok_TTRIS                    0x080002cd   Thumb Code    68  main.o(i.CHECK_if_Rot_Ok_TTRIS)
    CONTROLE_TTRIS                           0x08000315   Thumb Code   210  main.o(i.CONTROLE_TTRIS)
    Calcul_of_Score_TTRIS                    0x080003ed   Thumb Code    34  main.o(i.Calcul_of_Score_TTRIS)
    Check_collision_x_TTRIS                  0x08000411   Thumb Code    72  main.o(i.Check_collision_x_TTRIS)
    Check_collision_y_TTRIS                  0x08000461   Thumb Code    70  main.o(i.Check_collision_y_TTRIS)
    Clean_Grid_TTRIS                         0x080004b1   Thumb Code    96  main.o(i.Clean_Grid_TTRIS)
    Convert_Nb_of_line_TTRIS                 0x08000511   Thumb Code    50  main.o(i.Convert_Nb_of_line_TTRIS)
    DELETE_LINE_TTRIS                        0x08000549   Thumb Code   136  main.o(i.DELETE_LINE_TTRIS)
    DebugMon_Handler                         0x080005d5   Thumb Code     2  stm32f1xx_it.o(i.DebugMon_Handler)
    Delay_50ms                               0x080005d7   Thumb Code    20  oled12864.o(i.Delay_50ms)
    DropPiece_TTRIS                          0x080005ed   Thumb Code   102  main.o(i.DropPiece_TTRIS)
    END_DROP_TTRIS                           0x08000661   Thumb Code    98  main.o(i.END_DROP_TTRIS)
    End_Play_TTRIS                           0x080006cd   Thumb Code    28  main.o(i.End_Play_TTRIS)
    FLASH_LINE_TTRIS                         0x080006e9   Thumb Code    44  main.o(i.FLASH_LINE_TTRIS)
    Flip_intro_TTRIS                         0x08000715   Thumb Code    60  main.o(i.Flip_intro_TTRIS)
    GRID_STAT_TTRIS                          0x08000751   Thumb Code    48  main.o(i.GRID_STAT_TTRIS)
    Game_Play_TTRIS                          0x08000785   Thumb Code    46  main.o(i.Game_Play_TTRIS)
    HAL_Delay                                0x080007b9   Thumb Code    32  stm32f1xx_hal.o(i.HAL_Delay)
    HAL_GPIO_Init                            0x080007dd   Thumb Code   446  stm32f1xx_hal_gpio.o(i.HAL_GPIO_Init)
    HAL_GPIO_ReadPin                         0x080009bd   Thumb Code    10  stm32f1xx_hal_gpio.o(i.HAL_GPIO_ReadPin)
    HAL_GPIO_WritePin                        0x080009c7   Thumb Code    10  stm32f1xx_hal_gpio.o(i.HAL_GPIO_WritePin)
    HAL_GetTick                              0x080009d1   Thumb Code     6  stm32f1xx_hal.o(i.HAL_GetTick)
    HAL_IncTick                              0x080009dd   Thumb Code    12  stm32f1xx_hal.o(i.HAL_IncTick)
    HAL_Init                                 0x080009ed   Thumb Code    32  stm32f1xx_hal.o(i.HAL_Init)
    HAL_InitTick                             0x08000a11   Thumb Code    54  stm32f1xx_hal.o(i.HAL_InitTick)
    HAL_MspInit                              0x08000a51   Thumb Code    52  stm32f1xx_hal_msp.o(i.HAL_MspInit)
    HAL_NVIC_SetPriority                     0x08000a8d   Thumb Code    60  stm32f1xx_hal_cortex.o(i.HAL_NVIC_SetPriority)
    HAL_NVIC_SetPriorityGrouping             0x08000acd   Thumb Code    26  stm32f1xx_hal_cortex.o(i.HAL_NVIC_SetPriorityGrouping)
    HAL_RCC_ClockConfig                      0x08000af1   Thumb Code   280  stm32f1xx_hal_rcc.o(i.HAL_RCC_ClockConfig)
    HAL_RCC_GetSysClockFreq                  0x08000c1d   Thumb Code    58  stm32f1xx_hal_rcc.o(i.HAL_RCC_GetSysClockFreq)
    HAL_RCC_OscConfig                        0x08000c69   Thumb Code   778  stm32f1xx_hal_rcc.o(i.HAL_RCC_OscConfig)
    HAL_SYSTICK_Config                       0x08000f89   Thumb Code    40  stm32f1xx_hal_cortex.o(i.HAL_SYSTICK_Config)
    H_grid_Scan_TTRIS                        0x08000fb1   Thumb Code    10  main.o(i.H_grid_Scan_TTRIS)
    HardFault_Handler                        0x08000fc1   Thumb Code     2  stm32f1xx_it.o(i.HardFault_Handler)
    IIC_Start                                0x08000fc5   Thumb Code    52  oled12864.o(i.IIC_Start)
    IIC_Stop                                 0x08000ffd   Thumb Code    40  oled12864.o(i.IIC_Stop)
    IIC_WaitAck                              0x08001029   Thumb Code    30  oled12864.o(i.IIC_WaitAck)
    IIC_WriteByte                            0x0800104d   Thumb Code    86  oled12864.o(i.IIC_WriteByte)
    IIC_WriteCommand                         0x080010a9   Thumb Code    46  oled12864.o(i.IIC_WriteCommand)
    IIC_WriteData                            0x080010d7   Thumb Code    46  oled12864.o(i.IIC_WriteData)
    INIT_ALL_VAR_TTRIS                       0x08001105   Thumb Code   110  main.o(i.INIT_ALL_VAR_TTRIS)
    INTRO_MANIFEST_TTRIS                     0x0800117d   Thumb Code    74  main.o(i.INTRO_MANIFEST_TTRIS)
    JOY_act_pressed                          0x080011cd   Thumb Code    20  main.o(i.JOY_act_pressed)
    JOY_act_released                         0x080011e5   Thumb Code    18  main.o(i.JOY_act_released)
    JOY_down_pressed                         0x080011fd   Thumb Code    20  main.o(i.JOY_down_pressed)
    JOY_left_pressed                         0x08001215   Thumb Code    38  main.o(i.JOY_left_pressed)
    JOY_right_pressed                        0x08001241   Thumb Code    38  main.o(i.JOY_right_pressed)
    MX_GPIO_Init                             0x0800126d   Thumb Code   162  gpio.o(i.MX_GPIO_Init)
    MemManage_Handler                        0x0800131d   Thumb Code     2  stm32f1xx_it.o(i.MemManage_Handler)
    Move_Piece_TTRIS                         0x08001321   Thumb Code   142  main.o(i.Move_Piece_TTRIS)
    NEXT_BLOCK_TTRIS                         0x080013b5   Thumb Code   138  main.o(i.NEXT_BLOCK_TTRIS)
    NMI_Handler                              0x08001449   Thumb Code     2  stm32f1xx_it.o(i.NMI_Handler)
    OLED_FillPicture                         0x0800144b   Thumb Code    60  oled12864.o(i.OLED_FillPicture)
    OLED_Init                                0x08001487   Thumb Code   208  oled12864.o(i.OLED_Init)
    OLED_SetPos                              0x08001557   Thumb Code    42  oled12864.o(i.OLED_SetPos)
    OLED_WR_Byte                             0x08001581   Thumb Code    12  oled12864.o(i.OLED_WR_Byte)
    OLED_data_start                          0x0800158d   Thumb Code    30  oled12864.o(i.OLED_data_start)
    Ou_suis_Je_TTRIS                         0x080015ad   Thumb Code    64  main.o(i.Ou_suis_Je_TTRIS)
    PAINT_LINE_TTRIS                         0x080015f1   Thumb Code    44  main.o(i.PAINT_LINE_TTRIS)
    PSEUDO_RND_TTRIS                         0x0800161d   Thumb Code    20  main.o(i.PSEUDO_RND_TTRIS)
    PendSV_Handler                           0x08001635   Thumb Code     2  stm32f1xx_it.o(i.PendSV_Handler)
    RECUPE_BACKGROUND_TTRIS                  0x08001639   Thumb Code    10  main.o(i.RECUPE_BACKGROUND_TTRIS)
    Recupe_Start_TTRIS                       0x08001649   Thumb Code    62  main.o(i.Recupe_Start_TTRIS)
    Recupe_TTRIS                             0x0800168d   Thumb Code   170  main.o(i.Recupe_TTRIS)
    Reset_Value_TTRIS                        0x08001741   Thumb Code    12  main.o(i.Reset_Value_TTRIS)
    SETUP_NEW_PREVIEW_PIECE_TTRIS            0x08001751   Thumb Code    32  main.o(i.SETUP_NEW_PREVIEW_PIECE_TTRIS)
    SVC_Handler                              0x08001775   Thumb Code     2  stm32f1xx_it.o(i.SVC_Handler)
    Scan_Piece_Matrix_TTRIS                  0x08001779   Thumb Code    20  main.o(i.Scan_Piece_Matrix_TTRIS)
    Select_Piece_TTRIS                       0x08001791   Thumb Code    40  main.o(i.Select_Piece_TTRIS)
    SplitSpriteDecalageY_TTRIS               0x080017bd   Thumb Code    18  main.o(i.SplitSpriteDecalageY_TTRIS)
    SysTick_Handler                          0x080017cf   Thumb Code     4  stm32f1xx_it.o(i.SysTick_Handler)
    SystemClock_Config                       0x080017d3   Thumb Code    94  main.o(i.SystemClock_Config)
    SystemInit                               0x08001831   Thumb Code     2  system_stm32f1xx.o(i.SystemInit)
    Tiny_Flip_TTRIS                          0x08001833   Thumb Code    60  main.o(i.Tiny_Flip_TTRIS)
    UsageFault_Handler                       0x0800186f   Thumb Code     2  stm32f1xx_it.o(i.UsageFault_Handler)
    blitzSprite_TTRIS                        0x08001891   Thumb Code   150  main.o(i.blitzSprite_TTRIS)
    intro_TTRIS                              0x08001927   Thumb Code    74  main.o(i.intro_TTRIS)
    main                                     0x08001971   Thumb Code   218  main.o(i.main)
    map                                      0x08001a55   Thumb Code    20  main.o(i.map)
    recupe_Chateau_TTRIS                     0x08001a69   Thumb Code    30  main.o(i.recupe_Chateau_TTRIS)
    recupe_LEVEL_TTRIS                       0x08001a8d   Thumb Code    90  main.o(i.recupe_LEVEL_TTRIS)
    recupe_Nb_of_line_TTRIS                  0x08001af1   Thumb Code    94  main.o(i.recupe_Nb_of_line_TTRIS)
    recupe_SCORES_TTRIS                      0x08001b59   Thumb Code   556  main.o(i.recupe_SCORES_TTRIS)
    reset_Score_TTRIS                        0x08001d8d   Thumb Code    28  main.o(i.reset_Score_TTRIS)
    rotate_Matrix_TTRIS                      0x08001dad   Thumb Code   122  main.o(i.rotate_Matrix_TTRIS)
    tiny_PREVIEW_block_TTTRIS                0x08001e30   Data           4  main.o(.constdata)
    tinyblock_TTTRIS                         0x08001e34   Data           5  main.o(.constdata)
    tinyblock2_TTTRIS                        0x08001e39   Data           5  main.o(.constdata)
    H_Grid_TTTRIS                            0x08001e3e   Data          39  main.o(.constdata)
    Pieces_TTRIS1                            0x08001e65   Data          35  main.o(.constdata)
    police_TTRIS                             0x08001e88   Data          42  main.o(.constdata)
    start_button_1_TTRIS                     0x08001eb2   Data          32  main.o(.constdata)
    start_button_2_TTRIS                     0x08001ed2   Data          32  main.o(.constdata)
    chateau_TTRIS                            0x08001ef2   Data         288  main.o(.constdata)
    BACKGROUND_TTRIS                         0x08002012   Data        1024  main.o(.constdata)
    AHBPrescTable                            0x08002424   Data          16  system_stm32f1xx.o(.constdata)
    Region$$Table$$Base                      0x08002434   Number         0  anon$$obj.o(Region$$Table)
    Region$$Table$$Limit                     0x08002454   Number         0  anon$$obj.o(Region$$Table)
    Level_TTRIS                              0x20000000   Data           1  main.o(.data)
    Level_Speed_ADJ_TTRIS                    0x20000001   Data           1  main.o(.data)
    RND_VAR_TTRIS                            0x20000002   Data           1  main.o(.data)
    LONG_PRESS_X_TTRIS                       0x20000003   Data           1  main.o(.data)
    DOWN_DESACTIVE_TTRIS                     0x20000004   Data           1  main.o(.data)
    DROP_SPEED_TTRIS                         0x20000005   Data           1  main.o(.data)
    SPEED_x_trig_TTRIS                       0x20000006   Data           1  main.o(.data)
    DROP_TRIG_TTRIS                          0x20000007   Data           1  main.o(.data)
    Ripple_filter_TTRIS                      0x20000008   Data           1  main.o(.data)
    PIECEs_TTRIS                             0x20000009   Data           1  main.o(.data)
    PIECEs_TTRIS_PREVIEW                     0x2000000a   Data           1  main.o(.data)
    PIECEs_rot_TTRIS                         0x2000000b   Data           1  main.o(.data)
    DROP_BREAK_TTRIS                         0x2000000c   Data           1  main.o(.data)
    OU_SUIS_JE_X_ENGAGED_TTRIS               0x2000000d   Data           1  main.o(.data)
    OU_SUIS_JE_Y_ENGAGED_TTRIS               0x2000000e   Data           1  main.o(.data)
    Nb_of_line_TTRIS                         0x2000000f   Data           3  main.o(.data)
    Scores_TTRIS                             0x20000014   Data           4  main.o(.data)
    Nb_of_line_F_TTRIS                       0x20000018   Data           4  main.o(.data)
    xx_TTRIS                                 0x2000001c   Data           4  main.o(.data)
    yy_TTRIS                                 0x20000020   Data           4  main.o(.data)
    OU_SUIS_JE_X_TTRIS                       0x20000024   Data           4  main.o(.data)
    OU_SUIS_JE_Y_TTRIS                       0x20000028   Data           4  main.o(.data)
    DEPLACEMENT_XX_TTRIS                     0x2000002c   Data           4  main.o(.data)
    DEPLACEMENT_YY_TTRIS                     0x20000030   Data           4  main.o(.data)
    MEM_TTTRIS                               0x20000034   Data          16  main.o(.data)
    uwTickFreq                               0x20000044   Data           1  stm32f1xx_hal.o(.data)
    uwTickPrio                               0x20000048   Data           4  stm32f1xx_hal.o(.data)
    uwTick                                   0x2000004c   Data           4  stm32f1xx_hal.o(.data)
    SystemCoreClock                          0x20000050   Data           4  system_stm32f1xx.o(.data)
    Grid_TTRIS                               0x20000054   Data          36  main.o(.bss)
    Piece_Mat2_TTRIS                         0x20000078   Data          25  main.o(.bss)
    __libspace_start                         0x20000094   Data          96  libspace.o(.bss)
    __temporary_stack_top$libspace           0x200000f4   Data           0  libspace.o(.bss)



==============================================================================

Memory Map of the image

  Image Entry point : 0x080000ed

  Load Region LR_IROM1 (Base: 0x08000000, Size: 0x000024a8, Max: 0x00010000, ABSOLUTE)

    Execution Region ER_IROM1 (Exec base: 0x08000000, Load base: 0x08000000, Size: 0x00002454, Max: 0x00010000, ABSOLUTE)

    Exec Addr    Load Addr    Size         Type   Attr      Idx    E Section Name        Object

    0x08000000   0x08000000   0x000000ec   Data   RO            3    RESET               startup_stm32f103xb.o
    0x080000ec   0x080000ec   0x00000008   Code   RO         1821  * !!!main             c_w.l(__main.o)
    0x080000f4   0x080000f4   0x00000034   Code   RO         1980    !!!scatter          c_w.l(__scatter.o)
    0x08000128   0x08000128   0x0000001a   Code   RO         1982    !!handler_copy      c_w.l(__scatter_copy.o)
    0x08000142   0x08000142   0x00000002   PAD
    0x08000144   0x08000144   0x0000001c   Code   RO         1984    !!handler_zi        c_w.l(__scatter_zi.o)
    0x08000160   0x08000160   0x00000002   Code   RO         1848    .ARM.Collect$$libinit$$00000000  c_w.l(libinit.o)
    0x08000162   0x08000162   0x00000000   Code   RO         1855    .ARM.Collect$$libinit$$00000002  c_w.l(libinit2.o)
    0x08000162   0x08000162   0x00000000   Code   RO         1857    .ARM.Collect$$libinit$$00000004  c_w.l(libinit2.o)
    0x08000162   0x08000162   0x00000000   Code   RO         1860    .ARM.Collect$$libinit$$0000000A  c_w.l(libinit2.o)
    0x08000162   0x08000162   0x00000000   Code   RO         1862    .ARM.Collect$$libinit$$0000000C  c_w.l(libinit2.o)
    0x08000162   0x08000162   0x00000000   Code   RO         1864    .ARM.Collect$$libinit$$0000000E  c_w.l(libinit2.o)
    0x08000162   0x08000162   0x00000000   Code   RO         1867    .ARM.Collect$$libinit$$00000011  c_w.l(libinit2.o)
    0x08000162   0x08000162   0x00000000   Code   RO         1869    .ARM.Collect$$libinit$$00000013  c_w.l(libinit2.o)
    0x08000162   0x08000162   0x00000000   Code   RO         1871    .ARM.Collect$$libinit$$00000015  c_w.l(libinit2.o)
    0x08000162   0x08000162   0x00000000   Code   RO         1873    .ARM.Collect$$libinit$$00000017  c_w.l(libinit2.o)
    0x08000162   0x08000162   0x00000000   Code   RO         1875    .ARM.Collect$$libinit$$00000019  c_w.l(libinit2.o)
    0x08000162   0x08000162   0x00000000   Code   RO         1877    .ARM.Collect$$libinit$$0000001B  c_w.l(libinit2.o)
    0x08000162   0x08000162   0x00000000   Code   RO         1879    .ARM.Collect$$libinit$$0000001D  c_w.l(libinit2.o)
    0x08000162   0x08000162   0x00000000   Code   RO         1881    .ARM.Collect$$libinit$$0000001F  c_w.l(libinit2.o)
    0x08000162   0x08000162   0x00000000   Code   RO         1883    .ARM.Collect$$libinit$$00000021  c_w.l(libinit2.o)
    0x08000162   0x08000162   0x00000000   Code   RO         1885    .ARM.Collect$$libinit$$00000023  c_w.l(libinit2.o)
    0x08000162   0x08000162   0x00000000   Code   RO         1887    .ARM.Collect$$libinit$$00000025  c_w.l(libinit2.o)
    0x08000162   0x08000162   0x00000000   Code   RO         1891    .ARM.Collect$$libinit$$0000002C  c_w.l(libinit2.o)
    0x08000162   0x08000162   0x00000000   Code   RO         1893    .ARM.Collect$$libinit$$0000002E  c_w.l(libinit2.o)
    0x08000162   0x08000162   0x00000000   Code   RO         1895    .ARM.Collect$$libinit$$00000030  c_w.l(libinit2.o)
    0x08000162   0x08000162   0x00000000   Code   RO         1897    .ARM.Collect$$libinit$$00000032  c_w.l(libinit2.o)
    0x08000162   0x08000162   0x00000002   Code   RO         1898    .ARM.Collect$$libinit$$00000033  c_w.l(libinit2.o)
    0x08000164   0x08000164   0x00000002   Code   RO         1918    .ARM.Collect$$libshutdown$$00000000  c_w.l(libshutdown.o)
    0x08000166   0x08000166   0x00000000   Code   RO         1931    .ARM.Collect$$libshutdown$$00000002  c_w.l(libshutdown2.o)
    0x08000166   0x08000166   0x00000000   Code   RO         1933    .ARM.Collect$$libshutdown$$00000004  c_w.l(libshutdown2.o)
    0x08000166   0x08000166   0x00000000   Code   RO         1935    .ARM.Collect$$libshutdown$$00000006  c_w.l(libshutdown2.o)
    0x08000166   0x08000166   0x00000000   Code   RO         1938    .ARM.Collect$$libshutdown$$00000009  c_w.l(libshutdown2.o)
    0x08000166   0x08000166   0x00000000   Code   RO         1941    .ARM.Collect$$libshutdown$$0000000C  c_w.l(libshutdown2.o)
    0x08000166   0x08000166   0x00000000   Code   RO         1943    .ARM.Collect$$libshutdown$$0000000E  c_w.l(libshutdown2.o)
    0x08000166   0x08000166   0x00000000   Code   RO         1946    .ARM.Collect$$libshutdown$$00000011  c_w.l(libshutdown2.o)
    0x08000166   0x08000166   0x00000002   Code   RO         1947    .ARM.Collect$$libshutdown$$00000012  c_w.l(libshutdown2.o)
    0x08000168   0x08000168   0x00000000   Code   RO         1823    .ARM.Collect$$rtentry$$00000000  c_w.l(__rtentry.o)
    0x08000168   0x08000168   0x00000000   Code   RO         1825    .ARM.Collect$$rtentry$$00000002  c_w.l(__rtentry2.o)
    0x08000168   0x08000168   0x00000006   Code   RO         1837    .ARM.Collect$$rtentry$$00000004  c_w.l(__rtentry4.o)
    0x0800016e   0x0800016e   0x00000000   Code   RO         1827    .ARM.Collect$$rtentry$$00000009  c_w.l(__rtentry2.o)
    0x0800016e   0x0800016e   0x00000004   Code   RO         1828    .ARM.Collect$$rtentry$$0000000A  c_w.l(__rtentry2.o)
    0x08000172   0x08000172   0x00000000   Code   RO         1830    .ARM.Collect$$rtentry$$0000000C  c_w.l(__rtentry2.o)
    0x08000172   0x08000172   0x00000008   Code   RO         1831    .ARM.Collect$$rtentry$$0000000D  c_w.l(__rtentry2.o)
    0x0800017a   0x0800017a   0x00000002   Code   RO         1852    .ARM.Collect$$rtexit$$00000000  c_w.l(rtexit.o)
    0x0800017c   0x0800017c   0x00000000   Code   RO         1900    .ARM.Collect$$rtexit$$00000002  c_w.l(rtexit2.o)
    0x0800017c   0x0800017c   0x00000004   Code   RO         1901    .ARM.Collect$$rtexit$$00000003  c_w.l(rtexit2.o)
    0x08000180   0x08000180   0x00000006   Code   RO         1902    .ARM.Collect$$rtexit$$00000004  c_w.l(rtexit2.o)
    0x08000186   0x08000186   0x00000002   PAD
    0x08000188   0x08000188   0x00000040   Code   RO            4    .text               startup_stm32f103xb.o
    0x080001c8   0x080001c8   0x0000004e   Code   RO         1817    .text               c_w.l(rt_memclr_w.o)
    0x08000216   0x08000216   0x00000006   Code   RO         1819    .text               c_w.l(heapauxi.o)
    0x0800021c   0x0800021c   0x0000004a   Code   RO         1839    .text               c_w.l(sys_stackheap_outer.o)
    0x08000266   0x08000266   0x00000012   Code   RO         1841    .text               c_w.l(exit.o)
    0x08000278   0x08000278   0x00000008   Code   RO         1849    .text               c_w.l(libspace.o)
    0x08000280   0x08000280   0x0000000c   Code   RO         1910    .text               c_w.l(sys_exit.o)
    0x0800028c   0x0800028c   0x00000002   Code   RO         1921    .text               c_w.l(use_no_semi.o)
    0x0800028e   0x0800028e   0x00000000   Code   RO         1923    .text               c_w.l(indicate_semi.o)
    0x0800028e   0x0800028e   0x00000002   Code   RO          476    i.BusFault_Handler  stm32f1xx_it.o
    0x08000290   0x08000290   0x0000003c   Code   RO           13    i.CHANGE_GRID_STAT_TTRIS  main.o
    0x080002cc   0x080002cc   0x00000048   Code   RO           14    i.CHECK_if_Rot_Ok_TTRIS  main.o
    0x08000314   0x08000314   0x000000d8   Code   RO           15    i.CONTROLE_TTRIS    main.o
    0x080003ec   0x080003ec   0x00000022   Code   RO           16    i.Calcul_of_Score_TTRIS  main.o
    0x0800040e   0x0800040e   0x00000002   PAD
    0x08000410   0x08000410   0x00000050   Code   RO           18    i.Check_collision_x_TTRIS  main.o
    0x08000460   0x08000460   0x00000050   Code   RO           19    i.Check_collision_y_TTRIS  main.o
    0x080004b0   0x080004b0   0x00000060   Code   RO           20    i.Clean_Grid_TTRIS  main.o
    0x08000510   0x08000510   0x00000038   Code   RO           21    i.Convert_Nb_of_line_TTRIS  main.o
    0x08000548   0x08000548   0x0000008c   Code   RO           22    i.DELETE_LINE_TTRIS  main.o
    0x080005d4   0x080005d4   0x00000002   Code   RO          477    i.DebugMon_Handler  stm32f1xx_it.o
    0x080005d6   0x080005d6   0x00000014   Code   RO          576    i.Delay_50ms        oled12864.o
    0x080005ea   0x080005ea   0x00000002   PAD
    0x080005ec   0x080005ec   0x00000074   Code   RO           23    i.DropPiece_TTRIS   main.o
    0x08000660   0x08000660   0x0000006c   Code   RO           24    i.END_DROP_TTRIS    main.o
    0x080006cc   0x080006cc   0x0000001c   Code   RO           25    i.End_Play_TTRIS    main.o
    0x080006e8   0x080006e8   0x0000002c   Code   RO           27    i.FLASH_LINE_TTRIS  main.o
    0x08000714   0x08000714   0x0000003c   Code   RO           28    i.Flip_intro_TTRIS  main.o
    0x08000750   0x08000750   0x00000034   Code   RO           29    i.GRID_STAT_TTRIS   main.o
    0x08000784   0x08000784   0x00000034   Code   RO           30    i.Game_Play_TTRIS   main.o
    0x080007b8   0x080007b8   0x00000024   Code   RO          808    i.HAL_Delay         stm32f1xx_hal.o
    0x080007dc   0x080007dc   0x000001e0   Code   RO         1118    i.HAL_GPIO_Init     stm32f1xx_hal_gpio.o
    0x080009bc   0x080009bc   0x0000000a   Code   RO         1120    i.HAL_GPIO_ReadPin  stm32f1xx_hal_gpio.o
    0x080009c6   0x080009c6   0x0000000a   Code   RO         1122    i.HAL_GPIO_WritePin  stm32f1xx_hal_gpio.o
    0x080009d0   0x080009d0   0x0000000c   Code   RO          812    i.HAL_GetTick       stm32f1xx_hal.o
    0x080009dc   0x080009dc   0x00000010   Code   RO          818    i.HAL_IncTick       stm32f1xx_hal.o
    0x080009ec   0x080009ec   0x00000024   Code   RO          819    i.HAL_Init          stm32f1xx_hal.o
    0x08000a10   0x08000a10   0x00000040   Code   RO          820    i.HAL_InitTick      stm32f1xx_hal.o
    0x08000a50   0x08000a50   0x0000003c   Code   RO          551    i.HAL_MspInit       stm32f1xx_hal_msp.o
    0x08000a8c   0x08000a8c   0x00000040   Code   RO         1284    i.HAL_NVIC_SetPriority  stm32f1xx_hal_cortex.o
    0x08000acc   0x08000acc   0x00000024   Code   RO         1285    i.HAL_NVIC_SetPriorityGrouping  stm32f1xx_hal_cortex.o
    0x08000af0   0x08000af0   0x0000012c   Code   RO          976    i.HAL_RCC_ClockConfig  stm32f1xx_hal_rcc.o
    0x08000c1c   0x08000c1c   0x0000004c   Code   RO          985    i.HAL_RCC_GetSysClockFreq  stm32f1xx_hal_rcc.o
    0x08000c68   0x08000c68   0x00000320   Code   RO          988    i.HAL_RCC_OscConfig  stm32f1xx_hal_rcc.o
    0x08000f88   0x08000f88   0x00000028   Code   RO         1289    i.HAL_SYSTICK_Config  stm32f1xx_hal_cortex.o
    0x08000fb0   0x08000fb0   0x00000010   Code   RO           31    i.H_grid_Scan_TTRIS  main.o
    0x08000fc0   0x08000fc0   0x00000002   Code   RO          478    i.HardFault_Handler  stm32f1xx_it.o
    0x08000fc2   0x08000fc2   0x00000002   PAD
    0x08000fc4   0x08000fc4   0x00000038   Code   RO          577    i.IIC_Start         oled12864.o
    0x08000ffc   0x08000ffc   0x0000002c   Code   RO          578    i.IIC_Stop          oled12864.o
    0x08001028   0x08001028   0x00000024   Code   RO          579    i.IIC_WaitAck       oled12864.o
    0x0800104c   0x0800104c   0x0000005c   Code   RO          580    i.IIC_WriteByte     oled12864.o
    0x080010a8   0x080010a8   0x0000002e   Code   RO          581    i.IIC_WriteCommand  oled12864.o
    0x080010d6   0x080010d6   0x0000002e   Code   RO          582    i.IIC_WriteData     oled12864.o
    0x08001104   0x08001104   0x00000078   Code   RO           32    i.INIT_ALL_VAR_TTRIS  main.o
    0x0800117c   0x0800117c   0x00000050   Code   RO           33    i.INTRO_MANIFEST_TTRIS  main.o
    0x080011cc   0x080011cc   0x00000018   Code   RO           35    i.JOY_act_pressed   main.o
    0x080011e4   0x080011e4   0x00000018   Code   RO           36    i.JOY_act_released  main.o
    0x080011fc   0x080011fc   0x00000018   Code   RO           37    i.JOY_down_pressed  main.o
    0x08001214   0x08001214   0x0000002c   Code   RO           38    i.JOY_left_pressed  main.o
    0x08001240   0x08001240   0x0000002c   Code   RO           39    i.JOY_right_pressed  main.o
    0x0800126c   0x0800126c   0x000000b0   Code   RO          452    i.MX_GPIO_Init      gpio.o
    0x0800131c   0x0800131c   0x00000002   Code   RO          479    i.MemManage_Handler  stm32f1xx_it.o
    0x0800131e   0x0800131e   0x00000002   PAD
    0x08001320   0x08001320   0x00000094   Code   RO           40    i.Move_Piece_TTRIS  main.o
    0x080013b4   0x080013b4   0x00000094   Code   RO           41    i.NEXT_BLOCK_TTRIS  main.o
    0x08001448   0x08001448   0x00000002   Code   RO          480    i.NMI_Handler       stm32f1xx_it.o
    0x0800144a   0x0800144a   0x0000003c   Code   RO          587    i.OLED_FillPicture  oled12864.o
    0x08001486   0x08001486   0x000000d0   Code   RO          588    i.OLED_Init         oled12864.o
    0x08001556   0x08001556   0x0000002a   Code   RO          590    i.OLED_SetPos       oled12864.o
    0x08001580   0x08001580   0x0000000c   Code   RO          594    i.OLED_WR_Byte      oled12864.o
    0x0800158c   0x0800158c   0x0000001e   Code   RO          595    i.OLED_data_start   oled12864.o
    0x080015aa   0x080015aa   0x00000002   PAD
    0x080015ac   0x080015ac   0x00000044   Code   RO           42    i.Ou_suis_Je_TTRIS  main.o
    0x080015f0   0x080015f0   0x0000002c   Code   RO           43    i.PAINT_LINE_TTRIS  main.o
    0x0800161c   0x0800161c   0x00000018   Code   RO           44    i.PSEUDO_RND_TTRIS  main.o
    0x08001634   0x08001634   0x00000002   Code   RO          481    i.PendSV_Handler    stm32f1xx_it.o
    0x08001636   0x08001636   0x00000002   PAD
    0x08001638   0x08001638   0x00000010   Code   RO           45    i.RECUPE_BACKGROUND_TTRIS  main.o
    0x08001648   0x08001648   0x00000044   Code   RO           48    i.Recupe_Start_TTRIS  main.o
    0x0800168c   0x0800168c   0x000000b4   Code   RO           49    i.Recupe_TTRIS      main.o
    0x08001740   0x08001740   0x00000010   Code   RO           50    i.Reset_Value_TTRIS  main.o
    0x08001750   0x08001750   0x00000024   Code   RO           51    i.SETUP_NEW_PREVIEW_PIECE_TTRIS  main.o
    0x08001774   0x08001774   0x00000002   Code   RO          482    i.SVC_Handler       stm32f1xx_it.o
    0x08001776   0x08001776   0x00000002   PAD
    0x08001778   0x08001778   0x00000018   Code   RO           53    i.Scan_Piece_Matrix_TTRIS  main.o
    0x08001790   0x08001790   0x0000002c   Code   RO           54    i.Select_Piece_TTRIS  main.o
    0x080017bc   0x080017bc   0x00000012   Code   RO           55    i.SplitSpriteDecalageY_TTRIS  main.o
    0x080017ce   0x080017ce   0x00000004   Code   RO          483    i.SysTick_Handler   stm32f1xx_it.o
    0x080017d2   0x080017d2   0x0000005e   Code   RO           56    i.SystemClock_Config  main.o
    0x08001830   0x08001830   0x00000002   Code   RO         1779    i.SystemInit        system_stm32f1xx.o
    0x08001832   0x08001832   0x0000003c   Code   RO           57    i.Tiny_Flip_TTRIS   main.o
    0x0800186e   0x0800186e   0x00000002   Code   RO          484    i.UsageFault_Handler  stm32f1xx_it.o
    0x08001870   0x08001870   0x00000020   Code   RO         1291    i.__NVIC_SetPriority  stm32f1xx_hal_cortex.o
    0x08001890   0x08001890   0x00000096   Code   RO           58    i.blitzSprite_TTRIS  main.o
    0x08001926   0x08001926   0x0000004a   Code   RO           60    i.intro_TTRIS       main.o
    0x08001970   0x08001970   0x000000e4   Code   RO           61    i.main              main.o
    0x08001a54   0x08001a54   0x00000014   Code   RO           62    i.map               main.o
    0x08001a68   0x08001a68   0x00000024   Code   RO           63    i.recupe_Chateau_TTRIS  main.o
    0x08001a8c   0x08001a8c   0x00000064   Code   RO           65    i.recupe_LEVEL_TTRIS  main.o
    0x08001af0   0x08001af0   0x00000068   Code   RO           66    i.recupe_Nb_of_line_TTRIS  main.o
    0x08001b58   0x08001b58   0x00000234   Code   RO           67    i.recupe_SCORES_TTRIS  main.o
    0x08001d8c   0x08001d8c   0x00000020   Code   RO           68    i.reset_Score_TTRIS  main.o
    0x08001dac   0x08001dac   0x00000084   Code   RO           69    i.rotate_Matrix_TTRIS  main.o
    0x08001e30   0x08001e30   0x000005e2   Data   RO           72    .constdata          main.o
    0x08002412   0x08002412   0x00000012   Data   RO          989    .constdata          stm32f1xx_hal_rcc.o
    0x08002424   0x08002424   0x00000010   Data   RO         1780    .constdata          system_stm32f1xx.o
    0x08002434   0x08002434   0x00000020   Data   RO         1978    Region$$Table       anon$$obj.o


    Execution Region RW_IRAM1 (Exec base: 0x20000000, Load base: 0x08002454, Size: 0x000006f8, Max: 0x00005000, ABSOLUTE)

    Exec Addr    Load Addr    Size         Type   Attr      Idx    E Section Name        Object

    0x20000000   0x08002454   0x00000044   Data   RW           73    .data               main.o
    0x20000044   0x08002498   0x0000000c   Data   RW          826    .data               stm32f1xx_hal.o
    0x20000050   0x080024a4   0x00000004   Data   RW         1782    .data               system_stm32f1xx.o
    0x20000054        -       0x0000003d   Zero   RW           71    .bss                main.o
    0x20000091   0x080024a8   0x00000003   PAD
    0x20000094        -       0x00000060   Zero   RW         1850    .bss                c_w.l(libspace.o)
    0x200000f4   0x080024a8   0x00000004   PAD
    0x200000f8        -       0x00000200   Zero   RW            2    HEAP                startup_stm32f103xb.o
    0x200002f8        -       0x00000400   Zero   RW            1    STACK               startup_stm32f103xb.o


==============================================================================

Image component sizes


      Code (inc. data)   RO Data    RW Data    ZI Data      Debug   Object Name

       176         14          0          0          0        955   gpio.o
      4098        264       1506         68         61     414760   main.o
       692         20          0          0          0       6844   oled12864.o
        64         26        236          0       1536        808   startup_stm32f103xb.o
       164         28          0         12          0       5921   stm32f1xx_hal.o
       172         14          0          0          0      28314   stm32f1xx_hal_cortex.o
       500         34          0          0          0       3527   stm32f1xx_hal_gpio.o
        60          8          0          0          0        874   stm32f1xx_hal_msp.o
      1176         60         18          0          0       4002   stm32f1xx_hal_rcc.o
        20          0          0          0          0       3902   stm32f1xx_it.o
         2          0         16          4          0       1127   system_stm32f1xx.o

    ----------------------------------------------------------------------
      7138        468       1808         84       1600     471034   Object Totals
         0          0         32          0          0          0   (incl. Generated)
        14          0          0          0          3          0   (incl. Padding)

    ----------------------------------------------------------------------

      Code (inc. data)   RO Data    RW Data    ZI Data      Debug   Library Member Name

         8          0          0          0          0         68   __main.o
         0          0          0          0          0          0   __rtentry.o
        12          0          0          0          0          0   __rtentry2.o
         6          0          0          0          0          0   __rtentry4.o
        52          8          0          0          0          0   __scatter.o
        26          0          0          0          0          0   __scatter_copy.o
        28          0          0          0          0          0   __scatter_zi.o
        18          0          0          0          0         80   exit.o
         6          0          0          0          0        152   heapauxi.o
         0          0          0          0          0          0   indicate_semi.o
         2          0          0          0          0          0   libinit.o
         2          0          0          0          0          0   libinit2.o
         2          0          0          0          0          0   libshutdown.o
         2          0          0          0          0          0   libshutdown2.o
         8          4          0          0         96         68   libspace.o
        78          0          0          0          0         80   rt_memclr_w.o
         2          0          0          0          0          0   rtexit.o
        10          0          0          0          0          0   rtexit2.o
        12          4          0          0          0         68   sys_exit.o
        74          0          0          0          0         80   sys_stackheap_outer.o
         2          0          0          0          0         68   use_no_semi.o

    ----------------------------------------------------------------------
       354         16          0          0        100        664   Library Totals
         4          0          0          0          4          0   (incl. Padding)

    ----------------------------------------------------------------------

      Code (inc. data)   RO Data    RW Data    ZI Data      Debug   Library Name

       350         16          0          0         96        664   c_w.l

    ----------------------------------------------------------------------
       354         16          0          0        100        664   Library Totals

    ----------------------------------------------------------------------

==============================================================================


      Code (inc. data)   RO Data    RW Data    ZI Data      Debug   

      7492        484       1808         84       1700     467170   Grand Totals
      7492        484       1808         84       1700     467170   ELF Image Totals
      7492        484       1808         84          0          0   ROM Totals

==============================================================================

    Total RO  Size (Code + RO Data)                 9300 (   9.08kB)
    Total RW  Size (RW Data + ZI Data)              1784 (   1.74kB)
    Total ROM Size (Code + RO Data + RW Data)       9384 (   9.16kB)

==============================================================================

