<html>
<body>
<pre>
<h1>µVision Build Log</h1>
<h2>Tool Versions:</h2>
IDE-Version: ¦ÌVision V5.24.2.0
Copyright (C) 2017 ARM Ltd and ARM Germany GmbH. All rights reserved.
License Information: fuzoe fxq4533@163.com, 1, LIC=9WSKC-71BXH-QDQKD-8QKE5-31TV1-EAPP2
 
Tool Versions:
Toolchain:       MDK-ARM Plus  Version: 5.24.1
Toolchain Path:  C:\Keil_v5\ARM\ARM_Compiler_5.06u7\Bin
C Compiler:      Armcc.exe V5.06 update 7 (build 960)
Assembler:       Armasm.exe V5.06 update 7 (build 960)
Linker/Locator:  ArmLink.exe V5.06 update 7 (build 960)
Library Manager: ArmAr.exe V5.06 update 7 (build 960)
Hex Converter:   FromElf.exe V5.06 update 7 (build 960)
CPU DLL:         SARMCM3.DLL V5.24.1
Dialog DLL:      DCM.DLL V1.16.0.0
Target DLL:      STLink\ST-LINKIII-KEIL_SWO.dll V3.0.1.0
Dialog DLL:      TCM.DLL V1.32.0.0
 
<h2>Project:</h2>
C:\Users\fxq45\Desktop\STM32¶íÂÞË¹·½¿é\TetrisGame\MDK-ARM\TetrisGame.uvprojx
Project File Date:  07/18/2025

<h2>Output:</h2>
*** Using Compiler 'V5.06 update 7 (build 960)', folder: 'C:\Keil_v5\ARM\ARM_Compiler_5.06u7\Bin'
Build target 'TetrisGame'
compiling oled12864.c...
../Core/Inc/oled12864.h(29): warning:  #1295-D: Deprecated declaration IIC_Start - give arg types
  void IIC_Start();
../Core/Inc/oled12864.h(30): warning:  #1295-D: Deprecated declaration IIC_Stop - give arg types
  void IIC_Stop();
../Core/Inc/oled12864.h(31): warning:  #1295-D: Deprecated declaration IIC_WaitAck - give arg types
  void IIC_WaitAck();
../Core/Inc/oled12864.h(33): warning:  #1295-D: Deprecated declaration OLED_data_start - give arg types
  void OLED_data_start();
../Core/Inc/oled12864.h(53): warning:  #1295-D: Deprecated declaration Picture - give arg types
  void Picture();
../Core/Inc/oled12864.h(54): warning:  #1295-D: Deprecated declaration IIC_Start - give arg types
  void IIC_Start();
../Core/Inc/oled12864.h(55): warning:  #1295-D: Deprecated declaration IIC_Stop - give arg types
  void IIC_Stop();
../Core/Inc/oled12864.h(60): warning:  #1295-D: Deprecated declaration IIC_WaitAck - give arg types
  void IIC_WaitAck();
..\Core\Src\oled12864.c: 8 warnings, 0 errors
linking...
Program Size: Code=7492 RO-data=1808 RW-data=84 ZI-data=1700  
FromELF: creating hex file...
"TetrisGame\TetrisGame.axf" - 0 Error(s), 8 Warning(s).

<h2>Software Packages used:</h2>

Package Vendor: ARM
                http://www.keil.com/pack/ARM.CMSIS.5.0.1.pack
                ARM.CMSIS.5.0.1
                CMSIS (Cortex Microcontroller Software Interface Standard)
   * Component: CORE Version: 5.0.1

Package Vendor: Keil
                http://www.keil.com/pack/Keil.STM32F1xx_DFP.2.2.0.pack
                Keil.STM32F1xx_DFP.2.2.0
                STMicroelectronics STM32F1 Series Device Support, Drivers and Examples

<h2>Collection of Component include folders:</h2>
  .\RTE\_TetrisGame
  C:\Keil_v5\ARM\PACK\ARM\CMSIS\5.0.1\CMSIS\Include
  C:\Keil_v5\ARM\PACK\Keil\STM32F1xx_DFP\2.2.0\Device\Include

<h2>Collection of Component Files used:</h2>

   * Component: ARM::CMSIS:CORE:5.0.1
Build Time Elapsed:  00:00:03
</pre>
</body>
</html>
